Archive member included to satisfy reference by file (symbol)

c:/st/stm32cubeide_1.4.0/stm32cubeide/plugins/com.st.stm32cube.ide.mcu.externaltools.gnu-tools-for-stm32.7-2018-q2-update.win32_1.4.0.202007081208/tools/bin/../lib/gcc/arm-none-eabi/7.3.1/../../../../arm-none-eabi/lib/thumb/v7-m\libc_nano.a(lib_a-errno.o)
                              Core/Src/syscalls.o (__errno)
c:/st/stm32cubeide_1.4.0/stm32cubeide/plugins/com.st.stm32cube.ide.mcu.externaltools.gnu-tools-for-stm32.7-2018-q2-update.win32_1.4.0.202007081208/tools/bin/../lib/gcc/arm-none-eabi/7.3.1/../../../../arm-none-eabi/lib/thumb/v7-m\libc_nano.a(lib_a-exit.o)
                              c:/st/stm32cubeide_1.4.0/stm32cubeide/plugins/com.st.stm32cube.ide.mcu.externaltools.gnu-tools-for-stm32.7-2018-q2-update.win32_1.4.0.202007081208/tools/bin/../lib/gcc/arm-none-eabi/7.3.1/../../../../arm-none-eabi/lib/thumb/v7-m/crt0.o (exit)
c:/st/stm32cubeide_1.4.0/stm32cubeide/plugins/com.st.stm32cube.ide.mcu.externaltools.gnu-tools-for-stm32.7-2018-q2-update.win32_1.4.0.202007081208/tools/bin/../lib/gcc/arm-none-eabi/7.3.1/../../../../arm-none-eabi/lib/thumb/v7-m\libc_nano.a(lib_a-impure.o)
                              c:/st/stm32cubeide_1.4.0/stm32cubeide/plugins/com.st.stm32cube.ide.mcu.externaltools.gnu-tools-for-stm32.7-2018-q2-update.win32_1.4.0.202007081208/tools/bin/../lib/gcc/arm-none-eabi/7.3.1/../../../../arm-none-eabi/lib/thumb/v7-m\libc_nano.a(lib_a-exit.o) (_global_impure_ptr)
c:/st/stm32cubeide_1.4.0/stm32cubeide/plugins/com.st.stm32cube.ide.mcu.externaltools.gnu-tools-for-stm32.7-2018-q2-update.win32_1.4.0.202007081208/tools/bin/../lib/gcc/arm-none-eabi/7.3.1/../../../../arm-none-eabi/lib/thumb/v7-m\libc_nano.a(lib_a-init.o)
                              c:/st/stm32cubeide_1.4.0/stm32cubeide/plugins/com.st.stm32cube.ide.mcu.externaltools.gnu-tools-for-stm32.7-2018-q2-update.win32_1.4.0.202007081208/tools/bin/../lib/gcc/arm-none-eabi/7.3.1/../../../../arm-none-eabi/lib/thumb/v7-m/crt0.o (__libc_init_array)
c:/st/stm32cubeide_1.4.0/stm32cubeide/plugins/com.st.stm32cube.ide.mcu.externaltools.gnu-tools-for-stm32.7-2018-q2-update.win32_1.4.0.202007081208/tools/bin/../lib/gcc/arm-none-eabi/7.3.1/../../../../arm-none-eabi/lib/thumb/v7-m\libc_nano.a(lib_a-memcpy-stub.o)
                              Middlewares/Third_Party/FreeRTOS/Source/queue.o (memcpy)
c:/st/stm32cubeide_1.4.0/stm32cubeide/plugins/com.st.stm32cube.ide.mcu.externaltools.gnu-tools-for-stm32.7-2018-q2-update.win32_1.4.0.202007081208/tools/bin/../lib/gcc/arm-none-eabi/7.3.1/../../../../arm-none-eabi/lib/thumb/v7-m\libc_nano.a(lib_a-memset.o)
                              c:/st/stm32cubeide_1.4.0/stm32cubeide/plugins/com.st.stm32cube.ide.mcu.externaltools.gnu-tools-for-stm32.7-2018-q2-update.win32_1.4.0.202007081208/tools/bin/../lib/gcc/arm-none-eabi/7.3.1/../../../../arm-none-eabi/lib/thumb/v7-m/crt0.o (memset)
c:/st/stm32cubeide_1.4.0/stm32cubeide/plugins/com.st.stm32cube.ide.mcu.externaltools.gnu-tools-for-stm32.7-2018-q2-update.win32_1.4.0.202007081208/tools/bin/../lib/gcc/arm-none-eabi/7.3.1/../../../../arm-none-eabi/lib/thumb/v7-m\libc_nano.a(lib_a-sprintf.o)
                              Core/Src/main.o (sprintf)
c:/st/stm32cubeide_1.4.0/stm32cubeide/plugins/com.st.stm32cube.ide.mcu.externaltools.gnu-tools-for-stm32.7-2018-q2-update.win32_1.4.0.202007081208/tools/bin/../lib/gcc/arm-none-eabi/7.3.1/../../../../arm-none-eabi/lib/thumb/v7-m\libc_nano.a(lib_a-nano-svfprintf.o)
                              c:/st/stm32cubeide_1.4.0/stm32cubeide/plugins/com.st.stm32cube.ide.mcu.externaltools.gnu-tools-for-stm32.7-2018-q2-update.win32_1.4.0.202007081208/tools/bin/../lib/gcc/arm-none-eabi/7.3.1/../../../../arm-none-eabi/lib/thumb/v7-m\libc_nano.a(lib_a-sprintf.o) (_svfprintf_r)
c:/st/stm32cubeide_1.4.0/stm32cubeide/plugins/com.st.stm32cube.ide.mcu.externaltools.gnu-tools-for-stm32.7-2018-q2-update.win32_1.4.0.202007081208/tools/bin/../lib/gcc/arm-none-eabi/7.3.1/../../../../arm-none-eabi/lib/thumb/v7-m\libc_nano.a(lib_a-nano-vfprintf_i.o)
                              c:/st/stm32cubeide_1.4.0/stm32cubeide/plugins/com.st.stm32cube.ide.mcu.externaltools.gnu-tools-for-stm32.7-2018-q2-update.win32_1.4.0.202007081208/tools/bin/../lib/gcc/arm-none-eabi/7.3.1/../../../../arm-none-eabi/lib/thumb/v7-m\libc_nano.a(lib_a-nano-svfprintf.o) (_printf_i)
c:/st/stm32cubeide_1.4.0/stm32cubeide/plugins/com.st.stm32cube.ide.mcu.externaltools.gnu-tools-for-stm32.7-2018-q2-update.win32_1.4.0.202007081208/tools/bin/../lib/gcc/arm-none-eabi/7.3.1/../../../../arm-none-eabi/lib/thumb/v7-m\libc_nano.a(lib_a-memchr-stub.o)
                              c:/st/stm32cubeide_1.4.0/stm32cubeide/plugins/com.st.stm32cube.ide.mcu.externaltools.gnu-tools-for-stm32.7-2018-q2-update.win32_1.4.0.202007081208/tools/bin/../lib/gcc/arm-none-eabi/7.3.1/../../../../arm-none-eabi/lib/thumb/v7-m\libc_nano.a(lib_a-nano-svfprintf.o) (memchr)
[...]
Memory Configuration

Name             Origin             Length             Attributes
RAM              0x0000000020000000 0x0000000000005000 xrw
FLASH            0x0000000008000000 0x0000000000010000 xr
*default*        0x0000000000000000 0xffffffffffffffff

Linker script and memory map

LOAD c:/st/stm32cubeide_1.4.0/stm32cubeide/plugins/com.st.stm32cube.ide.mcu.externaltools.gnu-tools-for-stm32.7-2018-q2-update.win32_1.4.0.202007081208/tools/bin/../lib/gcc/arm-none-eabi/7.3.1/thumb/v7-m/crti.o
LOAD c:/st/stm32cubeide_1.4.0/stm32cubeide/plugins/com.st.stm32cube.ide.mcu.externaltools.gnu-tools-for-stm32.7-2018-q2-update.win32_1.4.0.202007081208/tools/bin/../lib/gcc/arm-none-eabi/7.3.1/thumb/v7-m/crtbegin.o
LOAD c:/st/stm32cubeide_1.4.0/stm32cubeide/plugins/com.st.stm32cube.ide.mcu.externaltools.gnu-tools-for-stm32.7-2018-q2-update.win32_1.4.0.202007081208/tools/bin/../lib/gcc/arm-none-eabi/7.3.1/../../../../arm-none-eabi/lib/thumb/v7-m/crt0.o
LOAD Core/Src/DFPLAYER_MINI.o
LOAD Core/Src/fonts.o
LOAD Core/Src/freertos.o
LOAD Core/Src/lcd.o
LOAD Core/Src/main.o
LOAD Core/Src/ssd1306.o
LOAD Core/Src/stm32f1xx_hal_msp.o
LOAD Core/Src/stm32f1xx_hal_timebase_tim.o
LOAD Core/Src/stm32f1xx_it.o
LOAD Core/Src/syscalls.o
LOAD Core/Src/sysmem.o
LOAD Core/Src/system_stm32f1xx.o
LOAD Core/Startup/startup_stm32f103c8tx.o
LOAD Drivers/STM32F1xx_HAL_Driver/Src/stm32f1xx_hal.o
LOAD Drivers/STM32F1xx_HAL_Driver/Src/stm32f1xx_hal_adc.o
LOAD Drivers/STM32F1xx_HAL_Driver/Src/stm32f1xx_hal_adc_ex.o
LOAD Drivers/STM32F1xx_HAL_Driver/Src/stm32f1xx_hal_cortex.o
LOAD Drivers/STM32F1xx_HAL_Driver/Src/stm32f1xx_hal_dma.o
LOAD Drivers/STM32F1xx_HAL_Driver/Src/stm32f1xx_hal_exti.o
LOAD Drivers/STM32F1xx_HAL_Driver/Src/stm32f1xx_hal_flash.o
LOAD Drivers/STM32F1xx_HAL_Driver/Src/stm32f1xx_hal_flash_ex.o
LOAD Drivers/STM32F1xx_HAL_Driver/Src/stm32f1xx_hal_gpio.o
LOAD Drivers/STM32F1xx_HAL_Driver/Src/stm32f1xx_hal_gpio_ex.o
LOAD Drivers/STM32F1xx_HAL_Driver/Src/stm32f1xx_hal_i2c.o
LOAD Drivers/STM32F1xx_HAL_Driver/Src/stm32f1xx_hal_pwr.o
LOAD Drivers/STM32F1xx_HAL_Driver/Src/stm32f1xx_hal_rcc.o
LOAD Drivers/STM32F1xx_HAL_Driver/Src/stm32f1xx_hal_rcc_ex.o
LOAD Drivers/STM32F1xx_HAL_Driver/Src/stm32f1xx_hal_tim.o
LOAD Drivers/STM32F1xx_HAL_Driver/Src/stm32f1xx_hal_tim_ex.o
LOAD Drivers/STM32F1xx_HAL_Driver/Src/stm32f1xx_hal_uart.o
LOAD Middlewares/Third_Party/FreeRTOS/Source/CMSIS_RTOS/cmsis_os.o
LOAD Middlewares/Third_Party/FreeRTOS/Source/croutine.o
LOAD Middlewares/Third_Party/FreeRTOS/Source/event_groups.o
LOAD Middlewares/Third_Party/FreeRTOS/Source/list.o
LOAD Middlewares/Third_Party/FreeRTOS/Source/queue.o
LOAD Middlewares/Third_Party/FreeRTOS/Source/stream_buffer.o
LOAD Middlewares/Third_Party/FreeRTOS/Source/tasks.o
LOAD Middlewares/Third_Party/FreeRTOS/Source/timers.o
LOAD Middlewares/Third_Party/FreeRTOS/Source/portable/GCC/ARM_CM3/port.o
LOAD Middlewares/Third_Party/FreeRTOS/Source/portable/MemMang/heap_4.o
START GROUP
LOAD c:/st/stm32cubeide_1.4.0/stm32cubeide/plugins/com.st.stm32cube.ide.mcu.externaltools.gnu-tools-for-stm32.7-2018-q2-update.win32_1.4.0.202007081208/tools/bin/../lib/gcc/arm-none-eabi/7.3.1/../../../../arm-none-eabi/lib/thumb/v7-m\libc_nano.a
LOAD c:/st/stm32cubeide_1.4.0/stm32cubeide/plugins/com.st.stm32cube.ide.mcu.externaltools.gnu-tools-for-stm32.7-2018-q2-update.win32_1.4.0.202007081208/tools/bin/../lib/gcc/arm-none-eabi/7.3.1/../../../../arm-none-eabi/lib/thumb/v7-m\libm.a
END GROUP
START GROUP
LOAD c:/st/stm32cubeide_1.4.0/stm32cubeide/plugins/com.st.stm32cube.ide.mcu.externaltools.gnu-tools-for-stm32.7-2018-q2-update.win32_1.4.0.202007081208/tools/bin/../lib/gcc/arm-none-eabi/7.3.1/thumb/v7-m\libgcc.a
LOAD c:/st/stm32cubeide_1.4.0/stm32cubeide/plugins/com.st.stm32cube.ide.mcu.externaltools.gnu-tools-for-stm32.7-2018-q2-update.win32_1.4.0.202007081208/tools/bin/../lib/gcc/arm-none-eabi/7.3.1/../../../../arm-none-eabi/lib/thumb/v7-m\libc_nano.a
END GROUP
START GROUP
LOAD c:/st/stm32cubeide_1.4.0/stm32cubeide/plugins/com.st.stm32cube.ide.mcu.externaltools.gnu-tools-for-stm32.7-2018-q2-update.win32_1.4.0.202007081208/tools/bin/../lib/gcc/arm-none-eabi/7.3.1/thumb/v7-m\libgcc.a
LOAD c:/st/stm32cubeide_1.4.0/stm32cubeide/plugins/com.st.stm32cube.ide.mcu.externaltools.gnu-tools-for-stm32.7-2018-q2-update.win32_1.4.0.202007081208/tools/bin/../lib/gcc/arm-none-eabi/7.3.1/../../../../arm-none-eabi/lib/thumb/v7-m\libc_nano.a
LOAD c:/st/stm32cubeide_1.4.0/stm32cubeide/plugins/com.st.stm32cube.ide.mcu.externaltools.gnu-tools-for-stm32.7-2018-q2-update.win32_1.4.0.202007081208/tools/bin/../lib/gcc/arm-none-eabi/7.3.1/../../../../arm-none-eabi/lib/thumb/v7-m\libnosys.a
END GROUP
START GROUP
LOAD c:/st/stm32cubeide_1.4.0/stm32cubeide/plugins/com.st.stm32cube.ide.mcu.externaltools.gnu-tools-for-stm32.7-2018-q2-update.win32_1.4.0.202007081208/tools/bin/../lib/gcc/arm-none-eabi/7.3.1/thumb/v7-m\libgcc.a
LOAD c:/st/stm32cubeide_1.4.0/stm32cubeide/plugins/com.st.stm32cube.ide.mcu.externaltools.gnu-tools-for-stm32.7-2018-q2-update.win32_1.4.0.202007081208/tools/bin/../lib/gcc/arm-none-eabi/7.3.1/../../../../arm-none-eabi/lib/thumb/v7-m\libc_nano.a
LOAD c:/st/stm32cubeide_1.4.0/stm32cubeide/plugins/com.st.stm32cube.ide.mcu.externaltools.gnu-tools-for-stm32.7-2018-q2-update.win32_1.4.0.202007081208/tools/bin/../lib/gcc/arm-none-eabi/7.3.1/../../../../arm-none-eabi/lib/thumb/v7-m\libnosys.a
END GROUP
LOAD c:/st/stm32cubeide_1.4.0/stm32cubeide/plugins/com.st.stm32cube.ide.mcu.externaltools.gnu-tools-for-stm32.7-2018-q2-update.win32_1.4.0.202007081208/tools/bin/../lib/gcc/arm-none-eabi/7.3.1/thumb/v7-m/crtend.o
LOAD c:/st/stm32cubeide_1.4.0/stm32cubeide/plugins/com.st.stm32cube.ide.mcu.externaltools.gnu-tools-for-stm32.7-2018-q2-update.win32_1.4.0.202007081208/tools/bin/../lib/gcc/arm-none-eabi/7.3.1/thumb/v7-m/crtn.o
                0x0000000020005000                _estack = (ORIGIN (RAM) + LENGTH (RAM))
                0x0000000000000200                _Min_Heap_Size = 0x200
                0x0000000000000400                _Min_Stack_Size = 0x400

.isr_vector     0x0000000008000000      0x10c
                0x0000000008000000                . = ALIGN (0x4)
 *(.isr_vector)
 .isr_vector    0x0000000008000000      0x10c Core/Startup/startup_stm32f103c8tx.o
                0x0000000008000000                g_pfnVectors
                0x000000000800010c                . = ALIGN (0x4)

.text           0x0000000008000110     0x6f88
                0x0000000008000110                . = ALIGN (0x4)
 *(.text)
 .text          0x0000000008000110       0x40 c:/st/stm32cubeide_1.4.0/stm32cubeide/plugins/com.st.stm32cube.ide.mcu.externaltools.gnu-tools-for-stm32.7-2018-q2-update.win32_1.4.0.202007081208/tools/bin/../lib/gcc/arm-none-eabi/7.3.1/thumb/v7-m/crtbegin.o
 *(.text*)
 .text.Send_cmd
                0x0000000008000150       0x80 Core/Src/DFPLAYER_MINI.o
                0x0000000008000150                Send_cmd
 .text.DF_Init  0x00000000080001d0       0x36 Core/Src/DFPLAYER_MINI.o
                0x00000000080001d0                DF_Init
 *fill*         0x0000000008000206        0x2 
 .text.vApplicationGetIdleTaskMemory
                0x0000000008000208       0x30 Core/Src/freertos.o
                0x0000000008000208                vApplicationGetIdleTaskMemory
 .text.fallingEdge
                0x0000000008000238       0x38 Core/Src/lcd.o
 .text.send4Bits
                0x0000000008000270       0x78 Core/Src/lcd.o
 .text.sendCommand
                0x00000000080002e8       0x38 Core/Src/lcd.o
 .text.sendData
                0x0000000008000320       0x38 Core/Src/lcd.o
 .text.clearLCD
                0x0000000008000358       0x14 Core/Src/lcd.o
                0x0000000008000358                clearLCD
 .text.writeLCD
                0x000000000800036c       0x2a Core/Src/lcd.o
                0x000000000800036c                writeLCD
 *fill*         0x0000000008000396        0x2 
 .text.initLCD  0x0000000008000398       0xb0 Core/Src/lcd.o
                0x0000000008000398                initLCD
 .text.setCursor
                0x0000000008000448       0x44 Core/Src/lcd.o
                0x0000000008000448                setCursor
 .text.get_timeIn
                0x000000000800048c       0x44 Core/Src/main.o
                0x000000000800048c                get_timeIn
 .text.print_OLED
                0x00000000080004d0      0x118 Core/Src/main.o
                0x00000000080004d0                print_OLED
 .text.Start_Game
                0x00000000080005e8      0x120 Core/Src/main.o
                0x00000000080005e8                Start_Game
 .text.End_Game
                0x0000000008000708      0x140 Core/Src/main.o
                0x0000000008000708                End_Game
 .text.main     0x0000000008000848      0x1f4 Core/Src/main.o
                0x0000000008000848                main
 .text.SystemClock_Config
                0x0000000008000a3c       0xa0 Core/Src/main.o
                0x0000000008000a3c                SystemClock_Config
 .text.MX_ADC1_Init
                0x0000000008000adc       0x7c Core/Src/main.o
 .text.MX_I2C1_Init
                0x0000000008000b58       0x5c Core/Src/main.o
 .text.MX_I2C2_Init
                0x0000000008000bb4       0x5c Core/Src/main.o
 .text.MX_TIM3_Init
                0x0000000008000c10       0x9c Core/Src/main.o
 .text.MX_USART1_UART_Init
                0x0000000008000cac       0x54 Core/Src/main.o
 .text.MX_GPIO_Init
                0x0000000008000d00      0x160 Core/Src/main.o
 .text.LCD_Function
                0x0000000008000e60       0x60 Core/Src/main.o
                0x0000000008000e60                LCD_Function
 .text.Sound_Function
                0x0000000008000ec0       0x10 Core/Src/main.o
                0x0000000008000ec0                Sound_Function
 .text.Game     0x0000000008000ed0      0x12c Core/Src/main.o
                0x0000000008000ed0                Game
 .text.HAL_TIM_PeriodElapsedCallback
                0x0000000008000ffc       0x1e Core/Src/main.o
                0x0000000008000ffc                HAL_TIM_PeriodElapsedCallback
 .text.Error_Handler
                0x000000000800101a        0xc Core/Src/main.o
                0x000000000800101a                Error_Handler
 .text.ssd1306_WriteCommand
                0x0000000008001026       0x34 Core/Src/ssd1306.o
 *fill*         0x000000000800105a        0x2 
 .text.ssd1306_Init
                0x000000000800105c      0x2b8 Core/Src/ssd1306.o
                0x000000000800105c                ssd1306_Init
 .text.ssd1306_Fill
                0x0000000008001314       0x44 Core/Src/ssd1306.o
                0x0000000008001314                ssd1306_Fill
 .text.ssd1306_UpdateScreen
                0x0000000008001358       0x74 Core/Src/ssd1306.o
                0x0000000008001358                ssd1306_UpdateScreen
 .text.ssd1306_DrawPixel
                0x00000000080013cc       0xc0 Core/Src/ssd1306.o
                0x00000000080013cc                ssd1306_DrawPixel
 .text.ssd1306_WriteChar
                0x000000000800148c      0x100 Core/Src/ssd1306.o
                0x000000000800148c                ssd1306_WriteChar
 .text.ssd1306_WriteString
                0x000000000800158c       0x4c Core/Src/ssd1306.o
                0x000000000800158c                ssd1306_WriteString
 .text.ssd1306_SetCursor
                0x00000000080015d8       0x30 Core/Src/ssd1306.o
                0x00000000080015d8                ssd1306_SetCursor
 .text.HAL_MspInit
                0x0000000008001608       0x64 Core/Src/stm32f1xx_hal_msp.o
                0x0000000008001608                HAL_MspInit
 .text.HAL_ADC_MspInit
                0x000000000800166c       0x78 Core/Src/stm32f1xx_hal_msp.o
                0x000000000800166c                HAL_ADC_MspInit
 .text.HAL_I2C_MspInit
                0x00000000080016e4       0xf8 Core/Src/stm32f1xx_hal_msp.o
                0x00000000080016e4                HAL_I2C_MspInit
 .text.HAL_TIM_Base_MspInit
                0x00000000080017dc       0x4c Core/Src/stm32f1xx_hal_msp.o
                0x00000000080017dc                HAL_TIM_Base_MspInit
 .text.HAL_UART_MspInit
                0x0000000008001828       0x9c Core/Src/stm32f1xx_hal_msp.o
                0x0000000008001828                HAL_UART_MspInit
 .text.HAL_InitTick
                0x00000000080018c4       0xac Core/Src/stm32f1xx_hal_timebase_tim.o
                0x00000000080018c4                HAL_InitTick
 .text.NMI_Handler
                0x0000000008001970        0xc Core/Src/stm32f1xx_it.o
                0x0000000008001970                NMI_Handler
 .text.HardFault_Handler
                0x000000000800197c        0x6 Core/Src/stm32f1xx_it.o
                0x000000000800197c                HardFault_Handler
 .text.MemManage_Handler
                0x0000000008001982        0x6 Core/Src/stm32f1xx_it.o
                0x0000000008001982                MemManage_Handler
 .text.BusFault_Handler
                0x0000000008001988        0x6 Core/Src/stm32f1xx_it.o
                0x0000000008001988                BusFault_Handler
 .text.UsageFault_Handler
                0x000000000800198e        0x6 Core/Src/stm32f1xx_it.o
                0x000000000800198e                UsageFault_Handler
 .text.DebugMon_Handler
                0x0000000008001994        0xc Core/Src/stm32f1xx_it.o
                0x0000000008001994                DebugMon_Handler
 .text.TIM2_IRQHandler
                0x00000000080019a0       0x14 Core/Src/stm32f1xx_it.o
                0x00000000080019a0                TIM2_IRQHandler
 .text.TIM3_IRQHandler
                0x00000000080019b4       0x5c Core/Src/stm32f1xx_it.o
                0x00000000080019b4                TIM3_IRQHandler
 .text._sbrk    0x0000000008001a10       0x6c Core/Src/sysmem.o
                0x0000000008001a10                _sbrk
 .text.SystemInit
                0x0000000008001a7c        0xc Core/Src/system_stm32f1xx.o
                0x0000000008001a7c                SystemInit
 .text.Reset_Handler
                0x0000000008001a88       0x48 Core/Startup/startup_stm32f103c8tx.o
                0x0000000008001a88                Reset_Handler
 .text.Default_Handler
                0x0000000008001ad0        0x2 Core/Startup/startup_stm32f103c8tx.o
                0x0000000008001ad0                RTC_Alarm_IRQHandler
                0x0000000008001ad0                EXTI2_IRQHandler
                0x0000000008001ad0                TIM1_CC_IRQHandler
                0x0000000008001ad0                PVD_IRQHandler
                0x0000000008001ad0                EXTI3_IRQHandler
                0x0000000008001ad0                EXTI0_IRQHandler
                0x0000000008001ad0                I2C2_EV_IRQHandler
                0x0000000008001ad0                ADC1_2_IRQHandler
                0x0000000008001ad0                SPI1_IRQHandler
                0x0000000008001ad0                TAMPER_IRQHandler
                0x0000000008001ad0                DMA1_Channel4_IRQHandler
                0x0000000008001ad0                USART3_IRQHandler
                0x0000000008001ad0                RTC_IRQHandler
                0x0000000008001ad0                DMA1_Channel7_IRQHandler
                0x0000000008001ad0                CAN1_RX1_IRQHandler
                0x0000000008001ad0                TIM4_IRQHandler
                0x0000000008001ad0                I2C1_EV_IRQHandler
                0x0000000008001ad0                DMA1_Channel6_IRQHandler
                0x0000000008001ad0                RCC_IRQHandler
                0x0000000008001ad0                TIM1_TRG_COM_IRQHandler
                0x0000000008001ad0                DMA1_Channel1_IRQHandler
                0x0000000008001ad0                Default_Handler
                0x0000000008001ad0                EXTI15_10_IRQHandler
                0x0000000008001ad0                EXTI9_5_IRQHandler
                0x0000000008001ad0                SPI2_IRQHandler
                0x0000000008001ad0                DMA1_Channel5_IRQHandler
                0x0000000008001ad0                EXTI4_IRQHandler
                0x0000000008001ad0                USB_LP_CAN1_RX0_IRQHandler
                0x0000000008001ad0                USB_HP_CAN1_TX_IRQHandler
                0x0000000008001ad0                DMA1_Channel3_IRQHandler
                0x0000000008001ad0                TIM1_UP_IRQHandler
                0x0000000008001ad0                WWDG_IRQHandler
                0x0000000008001ad0                TIM1_BRK_IRQHandler
                0x0000000008001ad0                EXTI1_IRQHandler
                0x0000000008001ad0                USART2_IRQHandler
                0x0000000008001ad0                I2C2_ER_IRQHandler
                0x0000000008001ad0                DMA1_Channel2_IRQHandler
                0x0000000008001ad0                CAN1_SCE_IRQHandler
                0x0000000008001ad0                FLASH_IRQHandler
                0x0000000008001ad0                USART1_IRQHandler
                0x0000000008001ad0                I2C1_ER_IRQHandler
                0x0000000008001ad0                USBWakeUp_IRQHandler
 *fill*         0x0000000008001ad2        0x2 
 .text.HAL_Init
                0x0000000008001ad4       0x2c Drivers/STM32F1xx_HAL_Driver/Src/stm32f1xx_hal.o
                0x0000000008001ad4                HAL_Init
 .text.HAL_IncTick
                0x0000000008001b00       0x24 Drivers/STM32F1xx_HAL_Driver/Src/stm32f1xx_hal.o
                0x0000000008001b00                HAL_IncTick
 .text.HAL_GetTick
                0x0000000008001b24       0x14 Drivers/STM32F1xx_HAL_Driver/Src/stm32f1xx_hal.o
                0x0000000008001b24                HAL_GetTick
 .text.HAL_Delay
                0x0000000008001b38       0x44 Drivers/STM32F1xx_HAL_Driver/Src/stm32f1xx_hal.o
                0x0000000008001b38                HAL_Delay
 .text.HAL_ADC_Init
                0x0000000008001b7c      0x1b0 Drivers/STM32F1xx_HAL_Driver/Src/stm32f1xx_hal_adc.o
                0x0000000008001b7c                HAL_ADC_Init
 .text.HAL_ADC_Start
                0x0000000008001d2c      0x15c Drivers/STM32F1xx_HAL_Driver/Src/stm32f1xx_hal_adc.o
                0x0000000008001d2c                HAL_ADC_Start
 .text.HAL_ADC_Stop
                0x0000000008001e88       0x58 Drivers/STM32F1xx_HAL_Driver/Src/stm32f1xx_hal_adc.o
                0x0000000008001e88                HAL_ADC_Stop
 .text.HAL_ADC_PollForConversion
                0x0000000008001ee0      0x20c Drivers/STM32F1xx_HAL_Driver/Src/stm32f1xx_hal_adc.o
                0x0000000008001ee0                HAL_ADC_PollForConversion
 .text.HAL_ADC_GetValue
                0x00000000080020ec       0x18 Drivers/STM32F1xx_HAL_Driver/Src/stm32f1xx_hal_adc.o
                0x00000000080020ec                HAL_ADC_GetValue
 .text.HAL_ADC_ConfigChannel
                0x0000000008002104      0x1f0 Drivers/STM32F1xx_HAL_Driver/Src/stm32f1xx_hal_adc.o
                0x0000000008002104                HAL_ADC_ConfigChannel
 .text.ADC_Enable
                0x00000000080022f4       0xb4 Drivers/STM32F1xx_HAL_Driver/Src/stm32f1xx_hal_adc.o
                0x00000000080022f4                ADC_Enable
 .text.ADC_ConversionStop_Disable
                0x00000000080023a8       0x82 Drivers/STM32F1xx_HAL_Driver/Src/stm32f1xx_hal_adc.o
                0x00000000080023a8                ADC_ConversionStop_Disable
 *fill*         0x000000000800242a        0x2 
 .text.__NVIC_SetPriorityGrouping
                0x000000000800242c       0x48 Drivers/STM32F1xx_HAL_Driver/Src/stm32f1xx_hal_cortex.o
 .text.__NVIC_GetPriorityGrouping
                0x0000000008002474       0x1c Drivers/STM32F1xx_HAL_Driver/Src/stm32f1xx_hal_cortex.o
 .text.__NVIC_EnableIRQ
                0x0000000008002490       0x38 Drivers/STM32F1xx_HAL_Driver/Src/stm32f1xx_hal_cortex.o
 .text.__NVIC_SetPriority
                0x00000000080024c8       0x54 Drivers/STM32F1xx_HAL_Driver/Src/stm32f1xx_hal_cortex.o
 .text.NVIC_EncodePriority
                0x000000000800251c       0x64 Drivers/STM32F1xx_HAL_Driver/Src/stm32f1xx_hal_cortex.o
 .text.HAL_NVIC_SetPriorityGrouping
                0x0000000008002580       0x16 Drivers/STM32F1xx_HAL_Driver/Src/stm32f1xx_hal_cortex.o
                0x0000000008002580                HAL_NVIC_SetPriorityGrouping
 .text.HAL_NVIC_SetPriority
                0x0000000008002596       0x38 Drivers/STM32F1xx_HAL_Driver/Src/stm32f1xx_hal_cortex.o
                0x0000000008002596                HAL_NVIC_SetPriority
 .text.HAL_NVIC_EnableIRQ
                0x00000000080025ce       0x1c Drivers/STM32F1xx_HAL_Driver/Src/stm32f1xx_hal_cortex.o
                0x00000000080025ce                HAL_NVIC_EnableIRQ
 *fill*         0x00000000080025ea        0x2 
 .text.HAL_GPIO_Init
                0x00000000080025ec      0x2b4 Drivers/STM32F1xx_HAL_Driver/Src/stm32f1xx_hal_gpio.o
                0x00000000080025ec                HAL_GPIO_Init
 .text.HAL_GPIO_ReadPin
                0x00000000080028a0       0x2e Drivers/STM32F1xx_HAL_Driver/Src/stm32f1xx_hal_gpio.o
                0x00000000080028a0                HAL_GPIO_ReadPin
 .text.HAL_GPIO_WritePin
                0x00000000080028ce       0x30 Drivers/STM32F1xx_HAL_Driver/Src/stm32f1xx_hal_gpio.o
                0x00000000080028ce                HAL_GPIO_WritePin
 *fill*         0x00000000080028fe        0x2 
 .text.HAL_I2C_Init
                0x0000000008002900      0x270 Drivers/STM32F1xx_HAL_Driver/Src/stm32f1xx_hal_i2c.o
                0x0000000008002900                HAL_I2C_Init
 .text.HAL_I2C_Mem_Write
                0x0000000008002b70      0x1f4 Drivers/STM32F1xx_HAL_Driver/Src/stm32f1xx_hal_i2c.o
                0x0000000008002b70                HAL_I2C_Mem_Write
 .text.I2C_RequestMemoryWrite
                0x0000000008002d64      0x12c Drivers/STM32F1xx_HAL_Driver/Src/stm32f1xx_hal_i2c.o
 .text.I2C_WaitOnFlagUntilTimeout
                0x0000000008002e90       0xae Drivers/STM32F1xx_HAL_Driver/Src/stm32f1xx_hal_i2c.o
 .text.I2C_WaitOnMasterAddressFlagUntilTimeout
                0x0000000008002f3e       0xfe Drivers/STM32F1xx_HAL_Driver/Src/stm32f1xx_hal_i2c.o
 .text.I2C_WaitOnTXEFlagUntilTimeout
                0x000000000800303c       0x82 Drivers/STM32F1xx_HAL_Driver/Src/stm32f1xx_hal_i2c.o
 .text.I2C_WaitOnBTFFlagUntilTimeout
                0x00000000080030be       0x82 Drivers/STM32F1xx_HAL_Driver/Src/stm32f1xx_hal_i2c.o
 .text.I2C_IsAcknowledgeFailed
                0x0000000008003140       0x5c Drivers/STM32F1xx_HAL_Driver/Src/stm32f1xx_hal_i2c.o
 .text.HAL_RCC_OscConfig
                0x000000000800319c      0x500 Drivers/STM32F1xx_HAL_Driver/Src/stm32f1xx_hal_rcc.o
                0x000000000800319c                HAL_RCC_OscConfig
 .text.HAL_RCC_ClockConfig
                0x000000000800369c      0x1d4 Drivers/STM32F1xx_HAL_Driver/Src/stm32f1xx_hal_rcc.o
                0x000000000800369c                HAL_RCC_ClockConfig
 .text.HAL_RCC_GetSysClockFreq
                0x0000000008003870       0xc4 Drivers/STM32F1xx_HAL_Driver/Src/stm32f1xx_hal_rcc.o
                0x0000000008003870                HAL_RCC_GetSysClockFreq
 .text.HAL_RCC_GetHCLKFreq
                0x0000000008003934       0x14 Drivers/STM32F1xx_HAL_Driver/Src/stm32f1xx_hal_rcc.o
                0x0000000008003934                HAL_RCC_GetHCLKFreq
 .text.HAL_RCC_GetPCLK1Freq
                0x0000000008003948       0x28 Drivers/STM32F1xx_HAL_Driver/Src/stm32f1xx_hal_rcc.o
                0x0000000008003948                HAL_RCC_GetPCLK1Freq
 .text.HAL_RCC_GetPCLK2Freq
                0x0000000008003970       0x28 Drivers/STM32F1xx_HAL_Driver/Src/stm32f1xx_hal_rcc.o
                0x0000000008003970                HAL_RCC_GetPCLK2Freq
 .text.HAL_RCC_GetClockConfig
                0x0000000008003998       0x60 Drivers/STM32F1xx_HAL_Driver/Src/stm32f1xx_hal_rcc.o
                0x0000000008003998                HAL_RCC_GetClockConfig
 .text.RCC_Delay
                0x00000000080039f8       0x3c Drivers/STM32F1xx_HAL_Driver/Src/stm32f1xx_hal_rcc.o
 .text.HAL_RCCEx_PeriphCLKConfig
                0x0000000008003a34      0x16c Drivers/STM32F1xx_HAL_Driver/Src/stm32f1xx_hal_rcc_ex.o
                0x0000000008003a34                HAL_RCCEx_PeriphCLKConfig
 .text.HAL_RCCEx_GetPeriphCLKFreq
                0x0000000008003ba0      0x178 Drivers/STM32F1xx_HAL_Driver/Src/stm32f1xx_hal_rcc_ex.o
                0x0000000008003ba0                HAL_RCCEx_GetPeriphCLKFreq
 .text.HAL_TIM_Base_Init
                0x0000000008003d18       0x9e Drivers/STM32F1xx_HAL_Driver/Src/stm32f1xx_hal_tim.o
                0x0000000008003d18                HAL_TIM_Base_Init
 *fill*         0x0000000008003db6        0x2 
 .text.HAL_TIM_Base_Start_IT
                0x0000000008003db8       0xa4 Drivers/STM32F1xx_HAL_Driver/Src/stm32f1xx_hal_tim.o
                0x0000000008003db8                HAL_TIM_Base_Start_IT
 .text.HAL_TIM_IRQHandler
                0x0000000008003e5c      0x210 Drivers/STM32F1xx_HAL_Driver/Src/stm32f1xx_hal_tim.o
                0x0000000008003e5c                HAL_TIM_IRQHandler
 .text.HAL_TIM_ConfigClockSource
                0x000000000800406c      0x16e Drivers/STM32F1xx_HAL_Driver/Src/stm32f1xx_hal_tim.o
                0x000000000800406c                HAL_TIM_ConfigClockSource
 .text.HAL_TIM_OC_DelayElapsedCallback
                0x00000000080041da       0x12 Drivers/STM32F1xx_HAL_Driver/Src/stm32f1xx_hal_tim.o
                0x00000000080041da                HAL_TIM_OC_DelayElapsedCallback
 .text.HAL_TIM_IC_CaptureCallback
                0x00000000080041ec       0x12 Drivers/STM32F1xx_HAL_Driver/Src/stm32f1xx_hal_tim.o
                0x00000000080041ec                HAL_TIM_IC_CaptureCallback
 .text.HAL_TIM_PWM_PulseFinishedCallback
                0x00000000080041fe       0x12 Drivers/STM32F1xx_HAL_Driver/Src/stm32f1xx_hal_tim.o
                0x00000000080041fe                HAL_TIM_PWM_PulseFinishedCallback
 .text.HAL_TIM_TriggerCallback
                0x0000000008004210       0x12 Drivers/STM32F1xx_HAL_Driver/Src/stm32f1xx_hal_tim.o
                0x0000000008004210                HAL_TIM_TriggerCallback
 *fill*         0x0000000008004222        0x2 
 .text.TIM_Base_SetConfig
                0x0000000008004224       0xc4 Drivers/STM32F1xx_HAL_Driver/Src/stm32f1xx_hal_tim.o
                0x0000000008004224                TIM_Base_SetConfig
 .text.TIM_TI1_ConfigInputStage
                0x00000000080042e8       0x5c Drivers/STM32F1xx_HAL_Driver/Src/stm32f1xx_hal_tim.o
 .text.TIM_TI2_ConfigInputStage
                0x0000000008004344       0x5e Drivers/STM32F1xx_HAL_Driver/Src/stm32f1xx_hal_tim.o
 .text.TIM_ITRx_SetConfig
                0x00000000080043a2       0x34 Drivers/STM32F1xx_HAL_Driver/Src/stm32f1xx_hal_tim.o
 .text.TIM_ETR_SetConfig
                0x00000000080043d6       0x3e Drivers/STM32F1xx_HAL_Driver/Src/stm32f1xx_hal_tim.o
                0x00000000080043d6                TIM_ETR_SetConfig
 .text.HAL_TIMEx_MasterConfigSynchronization
                0x0000000008004414       0xbc Drivers/STM32F1xx_HAL_Driver/Src/stm32f1xx_hal_tim_ex.o
                0x0000000008004414                HAL_TIMEx_MasterConfigSynchronization
 .text.HAL_TIMEx_CommutCallback
                0x00000000080044d0       0x12 Drivers/STM32F1xx_HAL_Driver/Src/stm32f1xx_hal_tim_ex.o
                0x00000000080044d0                HAL_TIMEx_CommutCallback
 .text.HAL_TIMEx_BreakCallback
                0x00000000080044e2       0x12 Drivers/STM32F1xx_HAL_Driver/Src/stm32f1xx_hal_tim_ex.o
                0x00000000080044e2                HAL_TIMEx_BreakCallback
 .text.HAL_HalfDuplex_Init
                0x00000000080044f4       0xaa Drivers/STM32F1xx_HAL_Driver/Src/stm32f1xx_hal_uart.o
                0x00000000080044f4                HAL_HalfDuplex_Init
 .text.HAL_UART_Transmit
                0x000000000800459e      0x124 Drivers/STM32F1xx_HAL_Driver/Src/stm32f1xx_hal_uart.o
                0x000000000800459e                HAL_UART_Transmit
 .text.UART_WaitOnFlagUntilTimeout
                0x00000000080046c2       0x94 Drivers/STM32F1xx_HAL_Driver/Src/stm32f1xx_hal_uart.o
 *fill*         0x0000000008004756        0x2 
 .text.UART_SetConfig
                0x0000000008004758      0x11c Drivers/STM32F1xx_HAL_Driver/Src/stm32f1xx_hal_uart.o
 .text.makeFreeRtosPriority
                0x0000000008004874       0x2e Middlewares/Third_Party/FreeRTOS/Source/CMSIS_RTOS/cmsis_os.o
 .text.osKernelStart
                0x00000000080048a2        0xe Middlewares/Third_Party/FreeRTOS/Source/CMSIS_RTOS/cmsis_os.o
                0x00000000080048a2                osKernelStart
 .text.osThreadCreate
                0x00000000080048b0       0x98 Middlewares/Third_Party/FreeRTOS/Source/CMSIS_RTOS/cmsis_os.o
                0x00000000080048b0                osThreadCreate
 .text.osDelay  0x0000000008004948       0x28 Middlewares/Third_Party/FreeRTOS/Source/CMSIS_RTOS/cmsis_os.o
                0x0000000008004948                osDelay
 .text.osSemaphoreCreate
                0x0000000008004970       0x66 Middlewares/Third_Party/FreeRTOS/Source/CMSIS_RTOS/cmsis_os.o
                0x0000000008004970                osSemaphoreCreate
 .text.vListInitialise
                0x00000000080049d6       0x3e Middlewares/Third_Party/FreeRTOS/Source/list.o
                0x00000000080049d6                vListInitialise
 .text.vListInitialiseItem
                0x0000000008004a14       0x18 Middlewares/Third_Party/FreeRTOS/Source/list.o
                0x0000000008004a14                vListInitialiseItem
 .text.vListInsertEnd
                0x0000000008004a2c       0x46 Middlewares/Third_Party/FreeRTOS/Source/list.o
                0x0000000008004a2c                vListInsertEnd
 .text.vListInsert
                0x0000000008004a72       0x70 Middlewares/Third_Party/FreeRTOS/Source/list.o
                0x0000000008004a72                vListInsert
 .text.uxListRemove
                0x0000000008004ae2       0x52 Middlewares/Third_Party/FreeRTOS/Source/list.o
                0x0000000008004ae2                uxListRemove
 .text.xQueueGenericReset
                0x0000000008004b34       0xd0 Middlewares/Third_Party/FreeRTOS/Source/queue.o
                0x0000000008004b34                xQueueGenericReset
 .text.xQueueGenericCreateStatic
                0x0000000008004c04       0xe4 Middlewares/Third_Party/FreeRTOS/Source/queue.o
                0x0000000008004c04                xQueueGenericCreateStatic
 .text.xQueueGenericCreate
                0x0000000008004ce8       0x7a Middlewares/Third_Party/FreeRTOS/Source/queue.o
                0x0000000008004ce8                xQueueGenericCreate
 .text.prvInitialiseNewQueue
                0x0000000008004d62       0x3e Middlewares/Third_Party/FreeRTOS/Source/queue.o
 .text.xQueueGenericSend
                0x0000000008004da0      0x1f4 Middlewares/Third_Party/FreeRTOS/Source/queue.o
                0x0000000008004da0                xQueueGenericSend
 .text.prvCopyDataToQueue
                0x0000000008004f94       0xd4 Middlewares/Third_Party/FreeRTOS/Source/queue.o
 .text.prvUnlockQueue
                0x0000000008005068       0xa4 Middlewares/Third_Party/FreeRTOS/Source/queue.o
 .text.prvIsQueueFull
                0x000000000800510c       0x30 Middlewares/Third_Party/FreeRTOS/Source/queue.o
 .text.xTaskCreateStatic
                0x000000000800513c       0xb2 Middlewares/Third_Party/FreeRTOS/Source/tasks.o
                0x000000000800513c                xTaskCreateStatic
 .text.xTaskCreate
                0x00000000080051ee       0x8a Middlewares/Third_Party/FreeRTOS/Source/tasks.o
                0x00000000080051ee                xTaskCreate
 .text.prvInitialiseNewTask
                0x0000000008005278       0xfc Middlewares/Third_Party/FreeRTOS/Source/tasks.o
 .text.prvAddNewTaskToReadyList
                0x0000000008005374       0xd4 Middlewares/Third_Party/FreeRTOS/Source/tasks.o
 .text.vTaskDelay
                0x0000000008005448       0x68 Middlewares/Third_Party/FreeRTOS/Source/tasks.o
                0x0000000008005448                vTaskDelay
 .text.vTaskSuspend
                0x00000000080054b0      0x124 Middlewares/Third_Party/FreeRTOS/Source/tasks.o
                0x00000000080054b0                vTaskSuspend
 .text.prvTaskIsTaskSuspended
                0x00000000080055d4       0x74 Middlewares/Third_Party/FreeRTOS/Source/tasks.o
 .text.vTaskResume
                0x0000000008005648       0xb8 Middlewares/Third_Party/FreeRTOS/Source/tasks.o
                0x0000000008005648                vTaskResume
 .text.vTaskStartScheduler
                0x0000000008005700       0xbc Middlewares/Third_Party/FreeRTOS/Source/tasks.o
                0x0000000008005700                vTaskStartScheduler
 .text.vTaskSuspendAll
                0x00000000080057bc       0x1c Middlewares/Third_Party/FreeRTOS/Source/tasks.o
                0x00000000080057bc                vTaskSuspendAll
 .text.xTaskResumeAll
                0x00000000080057d8      0x138 Middlewares/Third_Party/FreeRTOS/Source/tasks.o
                0x00000000080057d8                xTaskResumeAll
 .text.xTaskIncrementTick
                0x0000000008005910      0x178 Middlewares/Third_Party/FreeRTOS/Source/tasks.o
                0x0000000008005910                xTaskIncrementTick
 .text.vTaskSwitchContext
                0x0000000008005a88       0xb4 Middlewares/Third_Party/FreeRTOS/Source/tasks.o
                0x0000000008005a88                vTaskSwitchContext
 .text.vTaskPlaceOnEventList
                0x0000000008005b3c       0x48 Middlewares/Third_Party/FreeRTOS/Source/tasks.o
                0x0000000008005b3c                vTaskPlaceOnEventList
 .text.xTaskRemoveFromEventList
                0x0000000008005b84       0xc4 Middlewares/Third_Party/FreeRTOS/Source/tasks.o
                0x0000000008005b84                xTaskRemoveFromEventList
 .text.vTaskInternalSetTimeOutState
                0x0000000008005c48       0x2c Middlewares/Third_Party/FreeRTOS/Source/tasks.o
                0x0000000008005c48                vTaskInternalSetTimeOutState
 .text.xTaskCheckForTimeOut
                0x0000000008005c74       0xc0 Middlewares/Third_Party/FreeRTOS/Source/tasks.o
                0x0000000008005c74                xTaskCheckForTimeOut
 .text.vTaskMissedYield
                0x0000000008005d34       0x18 Middlewares/Third_Party/FreeRTOS/Source/tasks.o
                0x0000000008005d34                vTaskMissedYield
 .text.prvIdleTask
                0x0000000008005d4c       0x30 Middlewares/Third_Party/FreeRTOS/Source/tasks.o
 .text.prvInitialiseTaskLists
                0x0000000008005d7c       0x80 Middlewares/Third_Party/FreeRTOS/Source/tasks.o
 .text.prvCheckTasksWaitingTermination
                0x0000000008005dfc       0x58 Middlewares/Third_Party/FreeRTOS/Source/tasks.o
 .text.prvDeleteTCB
                0x0000000008005e54       0x5c Middlewares/Third_Party/FreeRTOS/Source/tasks.o
 .text.prvResetNextTaskUnblockTime
                0x0000000008005eb0       0x48 Middlewares/Third_Party/FreeRTOS/Source/tasks.o
 .text.xTaskGetSchedulerState
                0x0000000008005ef8       0x3c Middlewares/Third_Party/FreeRTOS/Source/tasks.o
                0x0000000008005ef8                xTaskGetSchedulerState
 .text.xTaskPriorityDisinherit
                0x0000000008005f34      0x108 Middlewares/Third_Party/FreeRTOS/Source/tasks.o
                0x0000000008005f34                xTaskPriorityDisinherit
 .text.prvAddCurrentTaskToDelayedList
                0x000000000800603c       0xcc Middlewares/Third_Party/FreeRTOS/Source/tasks.o
 .text.pxPortInitialiseStack
                0x0000000008006108       0x58 Middlewares/Third_Party/FreeRTOS/Source/portable/GCC/ARM_CM3/port.o
                0x0000000008006108                pxPortInitialiseStack
 .text.prvTaskExitError
                0x0000000008006160       0x50 Middlewares/Third_Party/FreeRTOS/Source/portable/GCC/ARM_CM3/port.o
 .text.SVC_Handler
                0x00000000080061b0       0x28 Middlewares/Third_Party/FreeRTOS/Source/portable/GCC/ARM_CM3/port.o
                0x00000000080061b0                SVC_Handler
 .text.prvPortStartFirstTask
                0x00000000080061d8       0x20 Middlewares/Third_Party/FreeRTOS/Source/portable/GCC/ARM_CM3/port.o
 .text.xPortStartScheduler
                0x00000000080061f8       0xe0 Middlewares/Third_Party/FreeRTOS/Source/portable/GCC/ARM_CM3/port.o
                0x00000000080061f8                xPortStartScheduler
 .text.vPortEnterCritical
                0x00000000080062d8       0x5c Middlewares/Third_Party/FreeRTOS/Source/portable/GCC/ARM_CM3/port.o
                0x00000000080062d8                vPortEnterCritical
 .text.vPortExitCritical
                0x0000000008006334       0x4c Middlewares/Third_Party/FreeRTOS/Source/portable/GCC/ARM_CM3/port.o
                0x0000000008006334                vPortExitCritical
 .text.PendSV_Handler
                0x0000000008006380       0x48 Middlewares/Third_Party/FreeRTOS/Source/portable/GCC/ARM_CM3/port.o
                0x0000000008006380                PendSV_Handler
 .text.SysTick_Handler
                0x00000000080063c8       0x40 Middlewares/Third_Party/FreeRTOS/Source/portable/GCC/ARM_CM3/port.o
                0x00000000080063c8                SysTick_Handler
 .text.vPortSetupTimerInterrupt
                0x0000000008006408       0x44 Middlewares/Third_Party/FreeRTOS/Source/portable/GCC/ARM_CM3/port.o
                0x0000000008006408                vPortSetupTimerInterrupt
 .text.pvPortMalloc
                0x000000000800644c      0x184 Middlewares/Third_Party/FreeRTOS/Source/portable/MemMang/heap_4.o
                0x000000000800644c                pvPortMalloc
 .text.vPortFree
                0x00000000080065d0       0xb0 Middlewares/Third_Party/FreeRTOS/Source/portable/MemMang/heap_4.o
                0x00000000080065d0                vPortFree
 .text.prvHeapInit
                0x0000000008006680       0xc4 Middlewares/Third_Party/FreeRTOS/Source/portable/MemMang/heap_4.o
 .text.prvInsertBlockIntoFreeList
                0x0000000008006744       0xb0 Middlewares/Third_Party/FreeRTOS/Source/portable/MemMang/heap_4.o
 .text.__errno  0x00000000080067f4        0xc c:/st/stm32cubeide_1.4.0/stm32cubeide/plugins/com.st.stm32cube.ide.mcu.externaltools.gnu-tools-for-stm32.7-2018-q2-update.win32_1.4.0.202007081208/tools/bin/../lib/gcc/arm-none-eabi/7.3.1/../../../../arm-none-eabi/lib/thumb/v7-m\libc_nano.a(lib_a-errno.o)
                0x00000000080067f4                __errno
 .text.__libc_init_array
                0x0000000008006800       0x48 c:/st/stm32cubeide_1.4.0/stm32cubeide/plugins/com.st.stm32cube.ide.mcu.externaltools.gnu-tools-for-stm32.7-2018-q2-update.win32_1.4.0.202007081208/tools/bin/../lib/gcc/arm-none-eabi/7.3.1/../../../../arm-none-eabi/lib/thumb/v7-m\libc_nano.a(lib_a-init.o)
                0x0000000008006800                __libc_init_array
 .text.memcpy   0x0000000008006848       0x16 c:/st/stm32cubeide_1.4.0/stm32cubeide/plugins/com.st.stm32cube.ide.mcu.externaltools.gnu-tools-for-stm32.7-2018-q2-update.win32_1.4.0.202007081208/tools/bin/../lib/gcc/arm-none-eabi/7.3.1/../../../../arm-none-eabi/lib/thumb/v7-m\libc_nano.a(lib_a-memcpy-stub.o)
                0x0000000008006848                memcpy
 .text.memset   0x000000000800685e       0x10 c:/st/stm32cubeide_1.4.0/stm32cubeide/plugins/com.st.stm32cube.ide.mcu.externaltools.gnu-tools-for-stm32.7-2018-q2-update.win32_1.4.0.202007081208/tools/bin/../lib/gcc/arm-none-eabi/7.3.1/../../../../arm-none-eabi/lib/thumb/v7-m\libc_nano.a(lib_a-memset.o)
                0x000000000800685e                memset
 *fill*         0x000000000800686e        0x2 
 .text.sprintf  0x0000000008006870       0x40 c:/st/stm32cubeide_1.4.0/stm32cubeide/plugins/com.st.stm32cube.ide.mcu.externaltools.gnu-tools-for-stm32.7-2018-q2-update.win32_1.4.0.202007081208/tools/bin/../lib/gcc/arm-none-eabi/7.3.1/../../../../arm-none-eabi/lib/thumb/v7-m\libc_nano.a(lib_a-sprintf.o)
                0x0000000008006870                siprintf
                0x0000000008006870                sprintf
 .text.__ssputs_r
                0x00000000080068b0       0xb4 c:/st/stm32cubeide_1.4.0/stm32cubeide/plugins/com.st.stm32cube.ide.mcu.externaltools.gnu-tools-for-stm32.7-2018-q2-update.win32_1.4.0.202007081208/tools/bin/../lib/gcc/arm-none-eabi/7.3.1/../../../../arm-none-eabi/lib/thumb/v7-m\libc_nano.a(lib_a-nano-svfprintf.o)
                0x00000000080068b0                __ssputs_r
 .text._svfprintf_r
                0x0000000008006964      0x1f0 c:/st/stm32cubeide_1.4.0/stm32cubeide/plugins/com.st.stm32cube.ide.mcu.externaltools.gnu-tools-for-stm32.7-2018-q2-update.win32_1.4.0.202007081208/tools/bin/../lib/gcc/arm-none-eabi/7.3.1/../../../../arm-none-eabi/lib/thumb/v7-m\libc_nano.a(lib_a-nano-svfprintf.o)
                0x0000000008006964                _svfiprintf_r
                0x0000000008006964                _svfprintf_r
 .text._printf_common
                0x0000000008006b54       0xec c:/st/stm32cubeide_1.4.0/stm32cubeide/plugins/com.st.stm32cube.ide.mcu.externaltools.gnu-tools-for-stm32.7-2018-q2-update.win32_1.4.0.202007081208/tools/bin/../lib/gcc/arm-none-eabi/7.3.1/../../../../arm-none-eabi/lib/thumb/v7-m\libc_nano.a(lib_a-nano-vfprintf_i.o)
                0x0000000008006b54                _printf_common
 .text._printf_i
                0x0000000008006c40      0x224 c:/st/stm32cubeide_1.4.0/stm32cubeide/plugins/com.st.stm32cube.ide.mcu.externaltools.gnu-tools-for-stm32.7-2018-q2-update.win32_1.4.0.202007081208/tools/bin/../lib/gcc/arm-none-eabi/7.3.1/../../../../arm-none-eabi/lib/thumb/v7-m\libc_nano.a(lib_a-nano-vfprintf_i.o)
                0x0000000008006c40                _printf_i
 .text.memchr   0x0000000008006e64       0x1c c:/st/stm32cubeide_1.4.0/stm32cubeide/plugins/com.st.stm32cube.ide.mcu.externaltools.gnu-tools-for-stm32.7-2018-q2-update.win32_1.4.0.202007081208/tools/bin/../lib/gcc/arm-none-eabi/7.3.1/../../../../arm-none-eabi/lib/thumb/v7-m\libc_nano.a(lib_a-memchr-stub.o)
                0x0000000008006e64                memchr
 .text.memmove  0x0000000008006e80       0x32 c:/st/stm32cubeide_1.4.0/stm32cubeide/plugins/com.st.stm32cube.ide.mcu.externaltools.gnu-tools-for-stm32.7-2018-q2-update.win32_1.4.0.202007081208/tools/bin/../lib/gcc/arm-none-eabi/7.3.1/../../../../arm-none-eabi/lib/thumb/v7-m\libc_nano.a(lib_a-memmove.o)
                0x0000000008006e80                memmove
 *fill*         0x0000000008006eb2        0x2 
 .text._free_r  0x0000000008006eb4       0x98 c:/st/stm32cubeide_1.4.0/stm32cubeide/plugins/com.st.stm32cube.ide.mcu.externaltools.gnu-tools-for-stm32.7-2018-q2-update.win32_1.4.0.202007081208/tools/bin/../lib/gcc/arm-none-eabi/7.3.1/../../../../arm-none-eabi/lib/thumb/v7-m\libc_nano.a(lib_a-nano-freer.o)
                0x0000000008006eb4                _free_r
 .text._malloc_r
                0x0000000008006f4c       0xb4 c:/st/stm32cubeide_1.4.0/stm32cubeide/plugins/com.st.stm32cube.ide.mcu.externaltools.gnu-tools-for-stm32.7-2018-q2-update.win32_1.4.0.202007081208/tools/bin/../lib/gcc/arm-none-eabi/7.3.1/../../../../arm-none-eabi/lib/thumb/v7-m\libc_nano.a(lib_a-nano-mallocr.o)
                0x0000000008006f4c                _malloc_r
 .text._realloc_r
                0x0000000008007000       0x4c c:/st/stm32cubeide_1.4.0/stm32cubeide/plugins/com.st.stm32cube.ide.mcu.externaltools.gnu-tools-for-stm32.7-2018-q2-update.win32_1.4.0.202007081208/tools/bin/../lib/gcc/arm-none-eabi/7.3.1/../../../../arm-none-eabi/lib/thumb/v7-m\libc_nano.a(lib_a-nano-reallocr.o)
                0x0000000008007000                _realloc_r
 .text._sbrk_r  0x000000000800704c       0x20 c:/st/stm32cubeide_1.4.0/stm32cubeide/plugins/com.st.stm32cube.ide.mcu.externaltools.gnu-tools-for-stm32.7-2018-q2-update.win32_1.4.0.202007081208/tools/bin/../lib/gcc/arm-none-eabi/7.3.1/../../../../arm-none-eabi/lib/thumb/v7-m\libc_nano.a(lib_a-sbrkr.o)
                0x000000000800704c                _sbrk_r
 .text.__malloc_lock
                0x000000000800706c        0x2 c:/st/stm32cubeide_1.4.0/stm32cubeide/plugins/com.st.stm32cube.ide.mcu.externaltools.gnu-tools-for-stm32.7-2018-q2-update.win32_1.4.0.202007081208/tools/bin/../lib/gcc/arm-none-eabi/7.3.1/../../../../arm-none-eabi/lib/thumb/v7-m\libc_nano.a(lib_a-mlock.o)
                0x000000000800706c                __malloc_lock
 .text.__malloc_unlock
                0x000000000800706e        0x2 c:/st/stm32cubeide_1.4.0/stm32cubeide/plugins/com.st.stm32cube.ide.mcu.externaltools.gnu-tools-for-stm32.7-2018-q2-update.win32_1.4.0.202007081208/tools/bin/../lib/gcc/arm-none-eabi/7.3.1/../../../../arm-none-eabi/lib/thumb/v7-m\libc_nano.a(lib_a-mlock.o)
                0x000000000800706e                __malloc_unlock
 .text._malloc_usable_size_r
                0x0000000008007070       0x10 c:/st/stm32cubeide_1.4.0/stm32cubeide/plugins/com.st.stm32cube.ide.mcu.externaltools.gnu-tools-for-stm32.7-2018-q2-update.win32_1.4.0.202007081208/tools/bin/../lib/gcc/arm-none-eabi/7.3.1/../../../../arm-none-eabi/lib/thumb/v7-m\libc_nano.a(lib_a-nano-msizer.o)
                0x0000000008007070                _malloc_usable_size_r
 *(.glue_7)
 .glue_7        0x0000000008007080        0x0 linker stubs
 *(.glue_7t)
 .glue_7t       0x0000000008007080        0x0 linker stubs
 *(.eh_frame)
 .eh_frame      0x0000000008007080        0x0 c:/st/stm32cubeide_1.4.0/stm32cubeide/plugins/com.st.stm32cube.ide.mcu.externaltools.gnu-tools-for-stm32.7-2018-q2-update.win32_1.4.0.202007081208/tools/bin/../lib/gcc/arm-none-eabi/7.3.1/thumb/v7-m/crtbegin.o
 *(.init)
 .init          0x0000000008007080        0x4 c:/st/stm32cubeide_1.4.0/stm32cubeide/plugins/com.st.stm32cube.ide.mcu.externaltools.gnu-tools-for-stm32.7-2018-q2-update.win32_1.4.0.202007081208/tools/bin/../lib/gcc/arm-none-eabi/7.3.1/thumb/v7-m/crti.o
                0x0000000008007080                _init
 .init          0x0000000008007084        0x8 c:/st/stm32cubeide_1.4.0/stm32cubeide/plugins/com.st.stm32cube.ide.mcu.externaltools.gnu-tools-for-stm32.7-2018-q2-update.win32_1.4.0.202007081208/tools/bin/../lib/gcc/arm-none-eabi/7.3.1/thumb/v7-m/crtn.o
 *(.fini)
 .fini          0x000000000800708c        0x4 c:/st/stm32cubeide_1.4.0/stm32cubeide/plugins/com.st.stm32cube.ide.mcu.externaltools.gnu-tools-for-stm32.7-2018-q2-update.win32_1.4.0.202007081208/tools/bin/../lib/gcc/arm-none-eabi/7.3.1/thumb/v7-m/crti.o
                0x000000000800708c                _fini
 .fini          0x0000000008007090        0x8 c:/st/stm32cubeide_1.4.0/stm32cubeide/plugins/com.st.stm32cube.ide.mcu.externaltools.gnu-tools-for-stm32.7-2018-q2-update.win32_1.4.0.202007081208/tools/bin/../lib/gcc/arm-none-eabi/7.3.1/thumb/v7-m/crtn.o
                0x0000000008007098                . = ALIGN (0x4)
                0x0000000008007098                _etext = .

.vfp11_veneer   0x0000000008007098        0x0
 .vfp11_veneer  0x0000000008007098        0x0 linker stubs

.v4_bx          0x0000000008007098        0x0
 .v4_bx         0x0000000008007098        0x0 linker stubs

.iplt           0x0000000008007098        0x0
 .iplt          0x0000000008007098        0x0 c:/st/stm32cubeide_1.4.0/stm32cubeide/plugins/com.st.stm32cube.ide.mcu.externaltools.gnu-tools-for-stm32.7-2018-q2-update.win32_1.4.0.202007081208/tools/bin/../lib/gcc/arm-none-eabi/7.3.1/thumb/v7-m/crtbegin.o

.rodata         0x0000000008007098      0xf28
                0x0000000008007098                . = ALIGN (0x4)
 *(.rodata)
 .rodata        0x0000000008007098      0x14d Core/Src/main.o
 *fill*         0x00000000080071e5        0x3 
 .rodata        0x00000000080071e8       0x12 Drivers/STM32F1xx_HAL_Driver/Src/stm32f1xx_hal_rcc.o
 *fill*         0x00000000080071fa        0x2 
 .rodata        0x00000000080071fc       0x12 Drivers/STM32F1xx_HAL_Driver/Src/stm32f1xx_hal_rcc_ex.o
 *fill*         0x000000000800720e        0x2 
 .rodata        0x0000000008007210        0x5 Middlewares/Third_Party/FreeRTOS/Source/tasks.o
 *(.rodata*)
 *fill*         0x0000000008007215        0x3 
 .rodata.Font11x18
                0x0000000008007218      0xd5c Core/Src/fonts.o
 .rodata.AHBPrescTable
                0x0000000008007f74       0x10 Core/Src/system_stm32f1xx.o
                0x0000000008007f74                AHBPrescTable
 .rodata.APBPrescTable
                0x0000000008007f84        0x8 Core/Src/system_stm32f1xx.o
                0x0000000008007f84                APBPrescTable
 .rodata._svfprintf_r.str1.1
                0x0000000008007f8c       0x11 c:/st/stm32cubeide_1.4.0/stm32cubeide/plugins/com.st.stm32cube.ide.mcu.externaltools.gnu-tools-for-stm32.7-2018-q2-update.win32_1.4.0.202007081208/tools/bin/../lib/gcc/arm-none-eabi/7.3.1/../../../../arm-none-eabi/lib/thumb/v7-m\libc_nano.a(lib_a-nano-svfprintf.o)
 .rodata._printf_i.str1.1
                0x0000000008007f9d       0x22 c:/st/stm32cubeide_1.4.0/stm32cubeide/plugins/com.st.stm32cube.ide.mcu.externaltools.gnu-tools-for-stm32.7-2018-q2-update.win32_1.4.0.202007081208/tools/bin/../lib/gcc/arm-none-eabi/7.3.1/../../../../arm-none-eabi/lib/thumb/v7-m\libc_nano.a(lib_a-nano-vfprintf_i.o)
                0x0000000008007fc0                . = ALIGN (0x4)
 *fill*         0x0000000008007fbf        0x1 

.rel.dyn        0x0000000008007fc0        0x0
 .rel.iplt      0x0000000008007fc0        0x0 c:/st/stm32cubeide_1.4.0/stm32cubeide/plugins/com.st.stm32cube.ide.mcu.externaltools.gnu-tools-for-stm32.7-2018-q2-update.win32_1.4.0.202007081208/tools/bin/../lib/gcc/arm-none-eabi/7.3.1/thumb/v7-m/crtbegin.o

.ARM.extab      0x0000000008007fc0        0x0
                0x0000000008007fc0                . = ALIGN (0x4)
 *(.ARM.extab* .gnu.linkonce.armextab.*)
                0x0000000008007fc0                . = ALIGN (0x4)

.ARM            0x0000000008007fc0        0x0
                0x0000000008007fc0                . = ALIGN (0x4)
                0x0000000008007fc0                __exidx_start = .
 *(.ARM.exidx*)
                0x0000000008007fc0                __exidx_end = .
                0x0000000008007fc0                . = ALIGN (0x4)

.preinit_array  0x0000000008007fc0        0x0
                0x0000000008007fc0                . = ALIGN (0x4)
                0x0000000008007fc0                PROVIDE (__preinit_array_start = .)
 *(.preinit_array*)
                0x0000000008007fc0                PROVIDE (__preinit_array_end = .)
                0x0000000008007fc0                . = ALIGN (0x4)

.init_array     0x0000000008007fc0        0x4
                0x0000000008007fc0                . = ALIGN (0x4)
                0x0000000008007fc0                PROVIDE (__init_array_start = .)
 *(SORT_BY_NAME(.init_array.*))
 *(.init_array*)
 .init_array    0x0000000008007fc0        0x4 c:/st/stm32cubeide_1.4.0/stm32cubeide/plugins/com.st.stm32cube.ide.mcu.externaltools.gnu-tools-for-stm32.7-2018-q2-update.win32_1.4.0.202007081208/tools/bin/../lib/gcc/arm-none-eabi/7.3.1/thumb/v7-m/crtbegin.o
                0x0000000008007fc4                PROVIDE (__init_array_end = .)
                0x0000000008007fc4                . = ALIGN (0x4)

.fini_array     0x0000000008007fc4        0x4
                0x0000000008007fc4                . = ALIGN (0x4)
                [!provide]                        PROVIDE (__fini_array_start = .)
 *(SORT_BY_NAME(.fini_array.*))
 *(.fini_array*)
 .fini_array    0x0000000008007fc4        0x4 c:/st/stm32cubeide_1.4.0/stm32cubeide/plugins/com.st.stm32cube.ide.mcu.externaltools.gnu-tools-for-stm32.7-2018-q2-update.win32_1.4.0.202007081208/tools/bin/../lib/gcc/arm-none-eabi/7.3.1/thumb/v7-m/crtbegin.o
                [!provide]                        PROVIDE (__fini_array_end = .)
                0x0000000008007fc8                . = ALIGN (0x4)
                0x0000000008007fc8                _sidata = LOADADDR (.data)

.data           0x0000000020000000      0x110 load address 0x0000000008007fc8
                0x0000000020000000                . = ALIGN (0x4)
                0x0000000020000000                _sdata = .
 *(.data)
 *(.data*)
 .data.Font_11x18
                0x0000000020000000        0x8 Core/Src/fonts.o
                0x0000000020000000                Font_11x18
 .data.Input_Position
                0x0000000020000008       0x68 Core/Src/main.o
                0x0000000020000008                Input_Position
 .data.Score_Plate
                0x0000000020000070        0xd Core/Src/main.o
                0x0000000020000070                Score_Plate
 *fill*         0x000000002000007d        0x3 
 .data.Twizzers_Pins
                0x0000000020000080        0x8 Core/Src/main.o
                0x0000000020000080                Twizzers_Pins
 .data.Start_Time
                0x0000000020000088        0x1 Core/Src/main.o
                0x0000000020000088                Start_Time
 *fill*         0x0000000020000089        0x3 
 .data.Colors   0x000000002000008c       0x10 Core/Src/main.o
                0x000000002000008c                Colors
 .data.SystemCoreClock
                0x000000002000009c        0x4 Core/Src/system_stm32f1xx.o
                0x000000002000009c                SystemCoreClock
 .data.uwTickPrio
                0x00000000200000a0        0x4 Drivers/STM32F1xx_HAL_Driver/Src/stm32f1xx_hal.o
                0x00000000200000a0                uwTickPrio
 .data.uwTickFreq
                0x00000000200000a4        0x1 Drivers/STM32F1xx_HAL_Driver/Src/stm32f1xx_hal.o
                0x00000000200000a4                uwTickFreq
 *fill*         0x00000000200000a5        0x3 
 .data.uxCriticalNesting
                0x00000000200000a8        0x4 Middlewares/Third_Party/FreeRTOS/Source/portable/GCC/ARM_CM3/port.o
 .data._impure_ptr
                0x00000000200000ac        0x4 c:/st/stm32cubeide_1.4.0/stm32cubeide/plugins/com.st.stm32cube.ide.mcu.externaltools.gnu-tools-for-stm32.7-2018-q2-update.win32_1.4.0.202007081208/tools/bin/../lib/gcc/arm-none-eabi/7.3.1/../../../../arm-none-eabi/lib/thumb/v7-m\libc_nano.a(lib_a-impure.o)
                0x00000000200000ac                _impure_ptr
 .data.impure_data
                0x00000000200000b0       0x60 c:/st/stm32cubeide_1.4.0/stm32cubeide/plugins/com.st.stm32cube.ide.mcu.externaltools.gnu-tools-for-stm32.7-2018-q2-update.win32_1.4.0.202007081208/tools/bin/../lib/gcc/arm-none-eabi/7.3.1/../../../../arm-none-eabi/lib/thumb/v7-m\libc_nano.a(lib_a-impure.o)
                0x0000000020000110                . = ALIGN (0x4)
                0x0000000020000110                _edata = .

.igot.plt       0x0000000020000110        0x0 load address 0x00000000080080d8
 .igot.plt      0x0000000020000110        0x0 c:/st/stm32cubeide_1.4.0/stm32cubeide/plugins/com.st.stm32cube.ide.mcu.externaltools.gnu-tools-for-stm32.7-2018-q2-update.win32_1.4.0.202007081208/tools/bin/../lib/gcc/arm-none-eabi/7.3.1/thumb/v7-m/crtbegin.o
                0x0000000020000110                . = ALIGN (0x4)

.bss            0x0000000020000110     0x21c4 load address 0x00000000080080d8
                0x0000000020000110                _sbss = .
                0x0000000020000110                __bss_start__ = _sbss
 *(.bss)
 .bss           0x0000000020000110       0x1c c:/st/stm32cubeide_1.4.0/stm32cubeide/plugins/com.st.stm32cube.ide.mcu.externaltools.gnu-tools-for-stm32.7-2018-q2-update.win32_1.4.0.202007081208/tools/bin/../lib/gcc/arm-none-eabi/7.3.1/thumb/v7-m/crtbegin.o
 *(.bss*)
 .bss.xIdleTaskTCBBuffer
                0x000000002000012c       0x54 Core/Src/freertos.o
 .bss.xIdleStack
                0x0000000020000180      0x200 Core/Src/freertos.o
 .bss.State     0x0000000020000380        0x1 Core/Src/main.o
                0x0000000020000380                State
 *fill*         0x0000000020000381        0x3 
 .bss.SSD1306_Buffer
                0x0000000020000384      0x400 Core/Src/ssd1306.o
 .bss.SSD1306   0x0000000020000784        0x6 Core/Src/ssd1306.o
 *fill*         0x000000002000078a        0x2 
 .bss.__sbrk_heap_end
                0x000000002000078c        0x4 Core/Src/sysmem.o
 .bss.pxCurrentTCB
                0x0000000020000790        0x4 Middlewares/Third_Party/FreeRTOS/Source/tasks.o
                0x0000000020000790                pxCurrentTCB
 .bss.pxReadyTasksLists
                0x0000000020000794       0x8c Middlewares/Third_Party/FreeRTOS/Source/tasks.o
 .bss.xDelayedTaskList1
                0x0000000020000820       0x14 Middlewares/Third_Party/FreeRTOS/Source/tasks.o
 .bss.xDelayedTaskList2
                0x0000000020000834       0x14 Middlewares/Third_Party/FreeRTOS/Source/tasks.o
 .bss.pxDelayedTaskList
                0x0000000020000848        0x4 Middlewares/Third_Party/FreeRTOS/Source/tasks.o
 .bss.pxOverflowDelayedTaskList
                0x000000002000084c        0x4 Middlewares/Third_Party/FreeRTOS/Source/tasks.o
 .bss.xPendingReadyList
                0x0000000020000850       0x14 Middlewares/Third_Party/FreeRTOS/Source/tasks.o
 .bss.xTasksWaitingTermination
                0x0000000020000864       0x14 Middlewares/Third_Party/FreeRTOS/Source/tasks.o
 .bss.uxDeletedTasksWaitingCleanUp
                0x0000000020000878        0x4 Middlewares/Third_Party/FreeRTOS/Source/tasks.o
 .bss.xSuspendedTaskList
                0x000000002000087c       0x14 Middlewares/Third_Party/FreeRTOS/Source/tasks.o
 .bss.uxCurrentNumberOfTasks
                0x0000000020000890        0x4 Middlewares/Third_Party/FreeRTOS/Source/tasks.o
 .bss.xTickCount
                0x0000000020000894        0x4 Middlewares/Third_Party/FreeRTOS/Source/tasks.o
 .bss.uxTopReadyPriority
                0x0000000020000898        0x4 Middlewares/Third_Party/FreeRTOS/Source/tasks.o
 .bss.xSchedulerRunning
                0x000000002000089c        0x4 Middlewares/Third_Party/FreeRTOS/Source/tasks.o
 .bss.uxPendedTicks
                0x00000000200008a0        0x4 Middlewares/Third_Party/FreeRTOS/Source/tasks.o
 .bss.xYieldPending
                0x00000000200008a4        0x4 Middlewares/Third_Party/FreeRTOS/Source/tasks.o
 .bss.xNumOfOverflows
                0x00000000200008a8        0x4 Middlewares/Third_Party/FreeRTOS/Source/tasks.o
 .bss.uxTaskNumber
                0x00000000200008ac        0x4 Middlewares/Third_Party/FreeRTOS/Source/tasks.o
 .bss.xNextTaskUnblockTime
                0x00000000200008b0        0x4 Middlewares/Third_Party/FreeRTOS/Source/tasks.o
 .bss.xIdleTaskHandle
                0x00000000200008b4        0x4 Middlewares/Third_Party/FreeRTOS/Source/tasks.o
 .bss.uxSchedulerSuspended
                0x00000000200008b8        0x4 Middlewares/Third_Party/FreeRTOS/Source/tasks.o
 .bss.ucMaxSysCallPriority
                0x00000000200008bc        0x1 Middlewares/Third_Party/FreeRTOS/Source/portable/GCC/ARM_CM3/port.o
 *fill*         0x00000000200008bd        0x3 
 .bss.ulMaxPRIGROUPValue
                0x00000000200008c0        0x4 Middlewares/Third_Party/FreeRTOS/Source/portable/GCC/ARM_CM3/port.o
 .bss.ucHeap    0x00000000200008c4     0x1804 Middlewares/Third_Party/FreeRTOS/Source/portable/MemMang/heap_4.o
 .bss.xStart    0x00000000200020c8        0x8 Middlewares/Third_Party/FreeRTOS/Source/portable/MemMang/heap_4.o
 .bss.pxEnd     0x00000000200020d0        0x4 Middlewares/Third_Party/FreeRTOS/Source/portable/MemMang/heap_4.o
 .bss.xFreeBytesRemaining
                0x00000000200020d4        0x4 Middlewares/Third_Party/FreeRTOS/Source/portable/MemMang/heap_4.o
 .bss.xMinimumEverFreeBytesRemaining
                0x00000000200020d8        0x4 Middlewares/Third_Party/FreeRTOS/Source/portable/MemMang/heap_4.o
 .bss.xBlockAllocatedBit
                0x00000000200020dc        0x4 Middlewares/Third_Party/FreeRTOS/Source/portable/MemMang/heap_4.o
 .bss.__malloc_free_list
                0x00000000200020e0        0x4 c:/st/stm32cubeide_1.4.0/stm32cubeide/plugins/com.st.stm32cube.ide.mcu.externaltools.gnu-tools-for-stm32.7-2018-q2-update.win32_1.4.0.202007081208/tools/bin/../lib/gcc/arm-none-eabi/7.3.1/../../../../arm-none-eabi/lib/thumb/v7-m\libc_nano.a(lib_a-nano-mallocr.o)
                0x00000000200020e0                __malloc_free_list
 .bss.__malloc_sbrk_start
                0x00000000200020e4        0x4 c:/st/stm32cubeide_1.4.0/stm32cubeide/plugins/com.st.stm32cube.ide.mcu.externaltools.gnu-tools-for-stm32.7-2018-q2-update.win32_1.4.0.202007081208/tools/bin/../lib/gcc/arm-none-eabi/7.3.1/../../../../arm-none-eabi/lib/thumb/v7-m\libc_nano.a(lib_a-nano-mallocr.o)
                0x00000000200020e4                __malloc_sbrk_start
 *(COMMON)
 COMMON         0x00000000200020e8        0x1 Core/Src/lcd.o
                0x00000000200020e8                display_settings
 *fill*         0x00000000200020e9        0x3 
 COMMON         0x00000000200020ec      0x198 Core/Src/main.o
                0x00000000200020ec                OLED1_semHandle
                0x00000000200020f0                OLED3_semHandle
                0x00000000200020f4                hi2c1
                0x0000000020002148                hi2c2
                0x000000002000219c                GamePlayHandle
                0x00000000200021a0                htim3
                0x00000000200021e8                hadc1
                0x0000000020002218                Score_Player
                0x0000000020002228                huart1
                0x000000002000226c                LCDHandle
                0x0000000020002270                Play_SoundHandle
                0x0000000020002274                OLED4_semHandle
                0x0000000020002278                OLED2_semHandle
                0x000000002000227c                PlatesCounter
                0x0000000020002280                Music_semHandle
 COMMON         0x0000000020002284       0x48 Core/Src/stm32f1xx_hal_timebase_tim.o
                0x0000000020002284                htim2
 COMMON         0x00000000200022cc        0x4 Drivers/STM32F1xx_HAL_Driver/Src/stm32f1xx_hal.o
                0x00000000200022cc                uwTick
 COMMON         0x00000000200022d0        0x4 c:/st/stm32cubeide_1.4.0/stm32cubeide/plugins/com.st.stm32cube.ide.mcu.externaltools.gnu-tools-for-stm32.7-2018-q2-update.win32_1.4.0.202007081208/tools/bin/../lib/gcc/arm-none-eabi/7.3.1/../../../../arm-none-eabi/lib/thumb/v7-m\libc_nano.a(lib_a-reent.o)
                0x00000000200022d0                errno
                0x00000000200022d4                . = ALIGN (0x4)
                0x00000000200022d4                _ebss = .
                0x00000000200022d4                __bss_end__ = _ebss

._user_heap_stack
                0x00000000200022d4      0x604 load address 0x00000000080080d8
                0x00000000200022d8                . = ALIGN (0x8)
 *fill*         0x00000000200022d4        0x4 
                [!provide]                        PROVIDE (end = .)
                0x00000000200022d8                PROVIDE (_end = .)
                0x00000000200024d8                . = (. + _Min_Heap_Size)
 *fill*         0x00000000200022d8      0x200 
                0x00000000200028d8                . = (. + _Min_Stack_Size)
 *fill*         0x00000000200024d8      0x400 
                0x00000000200028d8                . = ALIGN (0x8)

/DISCARD/
 libc.a(*)
 libm.a(*)
 libgcc.a(*)

.ARM.attributes
                0x0000000000000000       0x29
 *(.ARM.attributes)
 .ARM.attributes
                0x0000000000000000       0x1d c:/st/stm32cubeide_1.4.0/stm32cubeide/plugins/com.st.stm32cube.ide.mcu.externaltools.gnu-tools-for-stm32.7-2018-q2-update.win32_1.4.0.202007081208/tools/bin/../lib/gcc/arm-none-eabi/7.3.1/thumb/v7-m/crti.o
 .ARM.attributes
                0x000000000000001d       0x2d c:/st/stm32cubeide_1.4.0/stm32cubeide/plugins/com.st.stm32cube.ide.mcu.externaltools.gnu-tools-for-stm32.7-2018-q2-update.win32_1.4.0.202007081208/tools/bin/../lib/gcc/arm-none-eabi/7.3.1/thumb/v7-m/crtbegin.o
 .ARM.attributes
                0x000000000000004a       0x33 Core/Src/DFPLAYER_MINI.o
 .ARM.attributes
                0x000000000000007d       0x33 Core/Src/fonts.o
 .ARM.attributes
                0x00000000000000b0       0x33 Core/Src/freertos.o
 .ARM.attributes
                0x00000000000000e3       0x33 Core/Src/lcd.o
 .ARM.attributes
                0x0000000000000116       0x33 Core/Src/main.o
 .ARM.attributes
                0x0000000000000149       0x33 Core/Src/ssd1306.o
 .ARM.attributes
                0x000000000000017c       0x33 Core/Src/stm32f1xx_hal_msp.o
 .ARM.attributes
                0x00000000000001af       0x33 Core/Src/stm32f1xx_hal_timebase_tim.o
 .ARM.attributes
                0x00000000000001e2       0x33 Core/Src/stm32f1xx_it.o
 .ARM.attributes
                0x0000000000000215       0x33 Core/Src/sysmem.o
 .ARM.attributes
                0x0000000000000248       0x33 Core/Src/system_stm32f1xx.o
 .ARM.attributes
                0x000000000000027b       0x21 Core/Startup/startup_stm32f103c8tx.o
 .ARM.attributes
                0x000000000000029c       0x33 Drivers/STM32F1xx_HAL_Driver/Src/stm32f1xx_hal.o
 .ARM.attributes
                0x00000000000002cf       0x33 Drivers/STM32F1xx_HAL_Driver/Src/stm32f1xx_hal_adc.o
 .ARM.attributes
                0x0000000000000302       0x33 Drivers/STM32F1xx_HAL_Driver/Src/stm32f1xx_hal_cortex.o
 .ARM.attributes
                0x0000000000000335       0x33 Drivers/STM32F1xx_HAL_Driver/Src/stm32f1xx_hal_gpio.o
 .ARM.attributes
                0x0000000000000368       0x33 Drivers/STM32F1xx_HAL_Driver/Src/stm32f1xx_hal_i2c.o
 .ARM.attributes
                0x000000000000039b       0x33 Drivers/STM32F1xx_HAL_Driver/Src/stm32f1xx_hal_rcc.o
 .ARM.attributes
                0x00000000000003ce       0x33 Drivers/STM32F1xx_HAL_Driver/Src/stm32f1xx_hal_rcc_ex.o
 .ARM.attributes
                0x0000000000000401       0x33 Drivers/STM32F1xx_HAL_Driver/Src/stm32f1xx_hal_tim.o
 .ARM.attributes
                0x0000000000000434       0x33 Drivers/STM32F1xx_HAL_Driver/Src/stm32f1xx_hal_tim_ex.o
 .ARM.attributes
                0x0000000000000467       0x33 Drivers/STM32F1xx_HAL_Driver/Src/stm32f1xx_hal_uart.o
 .ARM.attributes
                0x000000000000049a       0x33 Middlewares/Third_Party/FreeRTOS/Source/CMSIS_RTOS/cmsis_os.o
 .ARM.attributes
                0x00000000000004cd       0x33 Middlewares/Third_Party/FreeRTOS/Source/list.o
 .ARM.attributes
                0x0000000000000500       0x33 Middlewares/Third_Party/FreeRTOS/Source/queue.o
 .ARM.attributes
                0x0000000000000533       0x33 Middlewares/Third_Party/FreeRTOS/Source/tasks.o
 .ARM.attributes
                0x0000000000000566       0x33 Middlewares/Third_Party/FreeRTOS/Source/portable/GCC/ARM_CM3/port.o
 .ARM.attributes
                0x0000000000000599       0x33 Middlewares/Third_Party/FreeRTOS/Source/portable/MemMang/heap_4.o
 .ARM.attributes
                0x00000000000005cc       0x2d c:/st/stm32cubeide_1.4.0/stm32cubeide/plugins/com.st.stm32cube.ide.mcu.externaltools.gnu-tools-for-stm32.7-2018-q2-update.win32_1.4.0.202007081208/tools/bin/../lib/gcc/arm-none-eabi/7.3.1/../../../../arm-none-eabi/lib/thumb/v7-m\libc_nano.a(lib_a-errno.o)
 .ARM.attributes
                0x00000000000005f9       0x2d c:/st/stm32cubeide_1.4.0/stm32cubeide/plugins/com.st.stm32cube.ide.mcu.externaltools.gnu-tools-for-stm32.7-2018-q2-update.win32_1.4.0.202007081208/tools/bin/../lib/gcc/arm-none-eabi/7.3.1/../../../../arm-none-eabi/lib/thumb/v7-m\libc_nano.a(lib_a-impure.o)
 .ARM.attributes
                0x0000000000000626       0x2d c:/st/stm32cubeide_1.4.0/stm32cubeide/plugins/com.st.stm32cube.ide.mcu.externaltools.gnu-tools-for-stm32.7-2018-q2-update.win32_1.4.0.202007081208/tools/bin/../lib/gcc/arm-none-eabi/7.3.1/../../../../arm-none-eabi/lib/thumb/v7-m\libc_nano.a(lib_a-init.o)
 .ARM.attributes
                0x0000000000000653       0x2d c:/st/stm32cubeide_1.4.0/stm32cubeide/plugins/com.st.stm32cube.ide.mcu.externaltools.gnu-tools-for-stm32.7-2018-q2-update.win32_1.4.0.202007081208/tools/bin/../lib/gcc/arm-none-eabi/7.3.1/../../../../arm-none-eabi/lib/thumb/v7-m\libc_nano.a(lib_a-memcpy-stub.o)
 .ARM.attributes
                0x0000000000000680       0x2d c:/st/stm32cubeide_1.4.0/stm32cubeide/plugins/com.st.stm32cube.ide.mcu.externaltools.gnu-tools-for-stm32.7-2018-q2-update.win32_1.4.0.202007081208/tools/bin/../lib/gcc/arm-none-eabi/7.3.1/../../../../arm-none-eabi/lib/thumb/v7-m\libc_nano.a(lib_a-memset.o)
 .ARM.attributes
                0x00000000000006ad       0x2d c:/st/stm32cubeide_1.4.0/stm32cubeide/plugins/com.st.stm32cube.ide.mcu.externaltools.gnu-tools-for-stm32.7-2018-q2-update.win32_1.4.0.202007081208/tools/bin/../lib/gcc/arm-none-eabi/7.3.1/../../../../arm-none-eabi/lib/thumb/v7-m\libc_nano.a(lib_a-sprintf.o)
 .ARM.attributes
                0x00000000000006da       0x2d c:/st/stm32cubeide_1.4.0/stm32cubeide/plugins/com.st.stm32cube.ide.mcu.externaltools.gnu-tools-for-stm32.7-2018-q2-update.win32_1.4.0.202007081208/tools/bin/../lib/gcc/arm-none-eabi/7.3.1/../../../../arm-none-eabi/lib/thumb/v7-m\libc_nano.a(lib_a-nano-svfprintf.o)
 .ARM.attributes
                0x0000000000000707       0x2d c:/st/stm32cubeide_1.4.0/stm32cubeide/plugins/com.st.stm32cube.ide.mcu.externaltools.gnu-tools-for-stm32.7-2018-q2-update.win32_1.4.0.202007081208/tools/bin/../lib/gcc/arm-none-eabi/7.3.1/../../../../arm-none-eabi/lib/thumb/v7-m\libc_nano.a(lib_a-nano-vfprintf_i.o)
 .ARM.attributes
                0x0000000000000734       0x2d c:/st/stm32cubeide_1.4.0/stm32cubeide/plugins/com.st.stm32cube.ide.mcu.externaltools.gnu-tools-for-stm32.7-2018-q2-update.win32_1.4.0.202007081208/tools/bin/../lib/gcc/arm-none-eabi/7.3.1/../../../../arm-none-eabi/lib/thumb/v7-m\libc_nano.a(lib_a-memchr-stub.o)
 .ARM.attributes
                0x0000000000000761       0x2d c:/st/stm32cubeide_1.4.0/stm32cubeide/plugins/com.st.stm32cube.ide.mcu.externaltools.gnu-tools-for-stm32.7-2018-q2-update.win32_1.4.0.202007081208/tools/bin/../lib/gcc/arm-none-eabi/7.3.1/../../../../arm-none-eabi/lib/thumb/v7-m\libc_nano.a(lib_a-memmove.o)
 .ARM.attributes
                0x000000000000078e       0x2d c:/st/stm32cubeide_1.4.0/stm32cubeide/plugins/com.st.stm32cube.ide.mcu.externaltools.gnu-tools-for-stm32.7-2018-q2-update.win32_1.4.0.202007081208/tools/bin/../lib/gcc/arm-none-eabi/7.3.1/../../../../arm-none-eabi/lib/thumb/v7-m\libc_nano.a(lib_a-nano-freer.o)
 .ARM.attributes
                0x00000000000007bb       0x2d c:/st/stm32cubeide_1.4.0/stm32cubeide/plugins/com.st.stm32cube.ide.mcu.externaltools.gnu-tools-for-stm32.7-2018-q2-update.win32_1.4.0.202007081208/tools/bin/../lib/gcc/arm-none-eabi/7.3.1/../../../../arm-none-eabi/lib/thumb/v7-m\libc_nano.a(lib_a-nano-mallocr.o)
 .ARM.attributes
                0x00000000000007e8       0x2d c:/st/stm32cubeide_1.4.0/stm32cubeide/plugins/com.st.stm32cube.ide.mcu.externaltools.gnu-tools-for-stm32.7-2018-q2-update.win32_1.4.0.202007081208/tools/bin/../lib/gcc/arm-none-eabi/7.3.1/../../../../arm-none-eabi/lib/thumb/v7-m\libc_nano.a(lib_a-nano-reallocr.o)
 .ARM.attributes
                0x0000000000000815       0x2d c:/st/stm32cubeide_1.4.0/stm32cubeide/plugins/com.st.stm32cube.ide.mcu.externaltools.gnu-tools-for-stm32.7-2018-q2-update.win32_1.4.0.202007081208/tools/bin/../lib/gcc/arm-none-eabi/7.3.1/../../../../arm-none-eabi/lib/thumb/v7-m\libc_nano.a(lib_a-sbrkr.o)
 .ARM.attributes
                0x0000000000000842       0x2d c:/st/stm32cubeide_1.4.0/stm32cubeide/plugins/com.st.stm32cube.ide.mcu.externaltools.gnu-tools-for-stm32.7-2018-q2-update.win32_1.4.0.202007081208/tools/bin/../lib/gcc/arm-none-eabi/7.3.1/../../../../arm-none-eabi/lib/thumb/v7-m\libc_nano.a(lib_a-mlock.o)
 .ARM.attributes
                0x000000000000086f       0x2d c:/st/stm32cubeide_1.4.0/stm32cubeide/plugins/com.st.stm32cube.ide.mcu.externaltools.gnu-tools-for-stm32.7-2018-q2-update.win32_1.4.0.202007081208/tools/bin/../lib/gcc/arm-none-eabi/7.3.1/../../../../arm-none-eabi/lib/thumb/v7-m\libc_nano.a(lib_a-nano-msizer.o)
 .ARM.attributes
                0x000000000000089c       0x2d c:/st/stm32cubeide_1.4.0/stm32cubeide/plugins/com.st.stm32cube.ide.mcu.externaltools.gnu-tools-for-stm32.7-2018-q2-update.win32_1.4.0.202007081208/tools/bin/../lib/gcc/arm-none-eabi/7.3.1/../../../../arm-none-eabi/lib/thumb/v7-m\libc_nano.a(lib_a-reent.o)
 .ARM.attributes
                0x00000000000008c9       0x1d c:/st/stm32cubeide_1.4.0/stm32cubeide/plugins/com.st.stm32cube.ide.mcu.externaltools.gnu-tools-for-stm32.7-2018-q2-update.win32_1.4.0.202007081208/tools/bin/../lib/gcc/arm-none-eabi/7.3.1/thumb/v7-m/crtn.o
OUTPUT(Operation.elf elf32-littlearm)

.debug_info     0x0000000000000000    0x192b7
 .debug_info    0x0000000000000000      0xec2 Core/Src/DFPLAYER_MINI.o
 .debug_info    0x0000000000000ec2      0x19c Core/Src/fonts.o
 .debug_info    0x000000000000105e      0x344 Core/Src/freertos.o
 .debug_info    0x00000000000013a2      0x373 Core/Src/lcd.o
 .debug_info    0x0000000000001715     0x1c00 Core/Src/main.o
 .debug_info    0x0000000000003315      0x947 Core/Src/ssd1306.o
 .debug_info    0x0000000000003c5c     0x1318 Core/Src/stm32f1xx_hal_msp.o
 .debug_info    0x0000000000004f74      0x993 Core/Src/stm32f1xx_hal_timebase_tim.o
 .debug_info    0x0000000000005907      0x774 Core/Src/stm32f1xx_it.o
 .debug_info    0x000000000000607b      0x985 Core/Src/sysmem.o
 .debug_info    0x0000000000006a00      0x29a Core/Src/system_stm32f1xx.o
 .debug_info    0x0000000000006c9a       0x22 Core/Startup/startup_stm32f103c8tx.o
 .debug_info    0x0000000000006cbc      0x714 Drivers/STM32F1xx_HAL_Driver/Src/stm32f1xx_hal.o
 .debug_info    0x00000000000073d0      0xc6c Drivers/STM32F1xx_HAL_Driver/Src/stm32f1xx_hal_adc.o
 .debug_info    0x000000000000803c      0xb51 Drivers/STM32F1xx_HAL_Driver/Src/stm32f1xx_hal_cortex.o
 .debug_info    0x0000000000008b8d      0x69b Drivers/STM32F1xx_HAL_Driver/Src/stm32f1xx_hal_gpio.o
 .debug_info    0x0000000000009228     0x256e Drivers/STM32F1xx_HAL_Driver/Src/stm32f1xx_hal_i2c.o
 .debug_info    0x000000000000b796      0x80f Drivers/STM32F1xx_HAL_Driver/Src/stm32f1xx_hal_rcc.o
 .debug_info    0x000000000000bfa5      0x444 Drivers/STM32F1xx_HAL_Driver/Src/stm32f1xx_hal_rcc_ex.o
 .debug_info    0x000000000000c3e9     0x27f1 Drivers/STM32F1xx_HAL_Driver/Src/stm32f1xx_hal_tim.o
 .debug_info    0x000000000000ebda     0x13ab Drivers/STM32F1xx_HAL_Driver/Src/stm32f1xx_hal_tim_ex.o
 .debug_info    0x000000000000ff85     0x14ec Drivers/STM32F1xx_HAL_Driver/Src/stm32f1xx_hal_uart.o
 .debug_info    0x0000000000011471     0x1e6c Middlewares/Third_Party/FreeRTOS/Source/CMSIS_RTOS/cmsis_os.o
 .debug_info    0x00000000000132dd      0xac5 Middlewares/Third_Party/FreeRTOS/Source/list.o
 .debug_info    0x0000000000013da2     0x1f2d Middlewares/Third_Party/FreeRTOS/Source/queue.o
 .debug_info    0x0000000000015ccf     0x252c Middlewares/Third_Party/FreeRTOS/Source/tasks.o
 .debug_info    0x00000000000181fb      0x4d2 Middlewares/Third_Party/FreeRTOS/Source/portable/GCC/ARM_CM3/port.o
 .debug_info    0x00000000000186cd      0xbea Middlewares/Third_Party/FreeRTOS/Source/portable/MemMang/heap_4.o

.debug_abbrev   0x0000000000000000     0x36e6
 .debug_abbrev  0x0000000000000000      0x201 Core/Src/DFPLAYER_MINI.o
 .debug_abbrev  0x0000000000000201       0xa1 Core/Src/fonts.o
 .debug_abbrev  0x00000000000002a2      0x109 Core/Src/freertos.o
 .debug_abbrev  0x00000000000003ab      0x175 Core/Src/lcd.o
 .debug_abbrev  0x0000000000000520      0x2b7 Core/Src/main.o
 .debug_abbrev  0x00000000000007d7      0x1de Core/Src/ssd1306.o
 .debug_abbrev  0x00000000000009b5      0x1de Core/Src/stm32f1xx_hal_msp.o
 .debug_abbrev  0x0000000000000b93      0x19d Core/Src/stm32f1xx_hal_timebase_tim.o
 .debug_abbrev  0x0000000000000d30      0x15a Core/Src/stm32f1xx_it.o
 .debug_abbrev  0x0000000000000e8a      0x19b Core/Src/sysmem.o
 .debug_abbrev  0x0000000000001025      0x134 Core/Src/system_stm32f1xx.o
 .debug_abbrev  0x0000000000001159       0x12 Core/Startup/startup_stm32f103c8tx.o
 .debug_abbrev  0x000000000000116b      0x1c7 Drivers/STM32F1xx_HAL_Driver/Src/stm32f1xx_hal.o
 .debug_abbrev  0x0000000000001332      0x1d5 Drivers/STM32F1xx_HAL_Driver/Src/stm32f1xx_hal_adc.o
 .debug_abbrev  0x0000000000001507      0x2d5 Drivers/STM32F1xx_HAL_Driver/Src/stm32f1xx_hal_cortex.o
 .debug_abbrev  0x00000000000017dc      0x1c0 Drivers/STM32F1xx_HAL_Driver/Src/stm32f1xx_hal_gpio.o
 .debug_abbrev  0x000000000000199c      0x258 Drivers/STM32F1xx_HAL_Driver/Src/stm32f1xx_hal_i2c.o
 .debug_abbrev  0x0000000000001bf4      0x243 Drivers/STM32F1xx_HAL_Driver/Src/stm32f1xx_hal_rcc.o
 .debug_abbrev  0x0000000000001e37      0x175 Drivers/STM32F1xx_HAL_Driver/Src/stm32f1xx_hal_rcc_ex.o
 .debug_abbrev  0x0000000000001fac      0x230 Drivers/STM32F1xx_HAL_Driver/Src/stm32f1xx_hal_tim.o
 .debug_abbrev  0x00000000000021dc      0x236 Drivers/STM32F1xx_HAL_Driver/Src/stm32f1xx_hal_tim_ex.o
 .debug_abbrev  0x0000000000002412      0x25d Drivers/STM32F1xx_HAL_Driver/Src/stm32f1xx_hal_uart.o
 .debug_abbrev  0x000000000000266f      0x379 Middlewares/Third_Party/FreeRTOS/Source/CMSIS_RTOS/cmsis_os.o
 .debug_abbrev  0x00000000000029e8      0x1cf Middlewares/Third_Party/FreeRTOS/Source/list.o
 .debug_abbrev  0x0000000000002bb7      0x354 Middlewares/Third_Party/FreeRTOS/Source/queue.o
 .debug_abbrev  0x0000000000002f0b      0x338 Middlewares/Third_Party/FreeRTOS/Source/tasks.o
 .debug_abbrev  0x0000000000003243      0x205 Middlewares/Third_Party/FreeRTOS/Source/portable/GCC/ARM_CM3/port.o
 .debug_abbrev  0x0000000000003448      0x29e Middlewares/Third_Party/FreeRTOS/Source/portable/MemMang/heap_4.o

.debug_aranges  0x0000000000000000     0x16a8
 .debug_aranges
                0x0000000000000000       0x50 Core/Src/DFPLAYER_MINI.o
 .debug_aranges
                0x0000000000000050       0x18 Core/Src/fonts.o
 .debug_aranges
                0x0000000000000068       0x20 Core/Src/freertos.o
 .debug_aranges
                0x0000000000000088       0x70 Core/Src/lcd.o
 .debug_aranges
                0x00000000000000f8       0xa0 Core/Src/main.o
 .debug_aranges
                0x0000000000000198       0x60 Core/Src/ssd1306.o
 .debug_aranges
                0x00000000000001f8       0x60 Core/Src/stm32f1xx_hal_msp.o
 .debug_aranges
                0x0000000000000258       0x30 Core/Src/stm32f1xx_hal_timebase_tim.o
 .debug_aranges
                0x0000000000000288       0x58 Core/Src/stm32f1xx_it.o
 .debug_aranges
                0x00000000000002e0       0x20 Core/Src/sysmem.o
 .debug_aranges
                0x0000000000000300       0x28 Core/Src/system_stm32f1xx.o
 .debug_aranges
                0x0000000000000328       0x28 Core/Startup/startup_stm32f103c8tx.o
 .debug_aranges
                0x0000000000000350       0xe0 Drivers/STM32F1xx_HAL_Driver/Src/stm32f1xx_hal.o
 .debug_aranges
                0x0000000000000430       0xf0 Drivers/STM32F1xx_HAL_Driver/Src/stm32f1xx_hal_adc.o
 .debug_aranges
                0x0000000000000520      0x100 Drivers/STM32F1xx_HAL_Driver/Src/stm32f1xx_hal_cortex.o
 .debug_aranges
                0x0000000000000620       0x58 Drivers/STM32F1xx_HAL_Driver/Src/stm32f1xx_hal_gpio.o
 .debug_aranges
                0x0000000000000678      0x2a0 Drivers/STM32F1xx_HAL_Driver/Src/stm32f1xx_hal_i2c.o
 .debug_aranges
                0x0000000000000918       0x90 Drivers/STM32F1xx_HAL_Driver/Src/stm32f1xx_hal_rcc.o
 .debug_aranges
                0x00000000000009a8       0x30 Drivers/STM32F1xx_HAL_Driver/Src/stm32f1xx_hal_rcc_ex.o
 .debug_aranges
                0x00000000000009d8      0x3d0 Drivers/STM32F1xx_HAL_Driver/Src/stm32f1xx_hal_tim.o
 .debug_aranges
                0x0000000000000da8      0x168 Drivers/STM32F1xx_HAL_Driver/Src/stm32f1xx_hal_tim_ex.o
 .debug_aranges
                0x0000000000000f10      0x200 Drivers/STM32F1xx_HAL_Driver/Src/stm32f1xx_hal_uart.o
 .debug_aranges
                0x0000000000001110      0x1d8 Middlewares/Third_Party/FreeRTOS/Source/CMSIS_RTOS/cmsis_os.o
 .debug_aranges
                0x00000000000012e8       0x40 Middlewares/Third_Party/FreeRTOS/Source/list.o
 .debug_aranges
                0x0000000000001328      0x108 Middlewares/Third_Party/FreeRTOS/Source/queue.o
 .debug_aranges
                0x0000000000001430      0x1b0 Middlewares/Third_Party/FreeRTOS/Source/tasks.o
 .debug_aranges
                0x00000000000015e0       0x78 Middlewares/Third_Party/FreeRTOS/Source/portable/GCC/ARM_CM3/port.o
 .debug_aranges
                0x0000000000001658       0x50 Middlewares/Third_Party/FreeRTOS/Source/portable/MemMang/heap_4.o

.debug_ranges   0x0000000000000000     0x1540
 .debug_ranges  0x0000000000000000       0x40 Core/Src/DFPLAYER_MINI.o
 .debug_ranges  0x0000000000000040       0x10 Core/Src/freertos.o
 .debug_ranges  0x0000000000000050       0x60 Core/Src/lcd.o
 .debug_ranges  0x00000000000000b0       0x90 Core/Src/main.o
 .debug_ranges  0x0000000000000140       0x50 Core/Src/ssd1306.o
 .debug_ranges  0x0000000000000190       0x50 Core/Src/stm32f1xx_hal_msp.o
 .debug_ranges  0x00000000000001e0       0x20 Core/Src/stm32f1xx_hal_timebase_tim.o
 .debug_ranges  0x0000000000000200       0x48 Core/Src/stm32f1xx_it.o
 .debug_ranges  0x0000000000000248       0x10 Core/Src/sysmem.o
 .debug_ranges  0x0000000000000258       0x18 Core/Src/system_stm32f1xx.o
 .debug_ranges  0x0000000000000270       0x20 Core/Startup/startup_stm32f103c8tx.o
 .debug_ranges  0x0000000000000290       0xd0 Drivers/STM32F1xx_HAL_Driver/Src/stm32f1xx_hal.o
 .debug_ranges  0x0000000000000360       0xe0 Drivers/STM32F1xx_HAL_Driver/Src/stm32f1xx_hal_adc.o
 .debug_ranges  0x0000000000000440       0xf0 Drivers/STM32F1xx_HAL_Driver/Src/stm32f1xx_hal_cortex.o
 .debug_ranges  0x0000000000000530       0x48 Drivers/STM32F1xx_HAL_Driver/Src/stm32f1xx_hal_gpio.o
 .debug_ranges  0x0000000000000578      0x2b8 Drivers/STM32F1xx_HAL_Driver/Src/stm32f1xx_hal_i2c.o
 .debug_ranges  0x0000000000000830       0x80 Drivers/STM32F1xx_HAL_Driver/Src/stm32f1xx_hal_rcc.o
 .debug_ranges  0x00000000000008b0       0x20 Drivers/STM32F1xx_HAL_Driver/Src/stm32f1xx_hal_rcc_ex.o
 .debug_ranges  0x00000000000008d0      0x3c0 Drivers/STM32F1xx_HAL_Driver/Src/stm32f1xx_hal_tim.o
 .debug_ranges  0x0000000000000c90      0x158 Drivers/STM32F1xx_HAL_Driver/Src/stm32f1xx_hal_tim_ex.o
 .debug_ranges  0x0000000000000de8      0x220 Drivers/STM32F1xx_HAL_Driver/Src/stm32f1xx_hal_uart.o
 .debug_ranges  0x0000000000001008      0x1c8 Middlewares/Third_Party/FreeRTOS/Source/CMSIS_RTOS/cmsis_os.o
 .debug_ranges  0x00000000000011d0       0x30 Middlewares/Third_Party/FreeRTOS/Source/list.o
 .debug_ranges  0x0000000000001200       0xf8 Middlewares/Third_Party/FreeRTOS/Source/queue.o
 .debug_ranges  0x00000000000012f8      0x1a0 Middlewares/Third_Party/FreeRTOS/Source/tasks.o
 .debug_ranges  0x0000000000001498       0x68 Middlewares/Third_Party/FreeRTOS/Source/portable/GCC/ARM_CM3/port.o
 .debug_ranges  0x0000000000001500       0x40 Middlewares/Third_Party/FreeRTOS/Source/portable/MemMang/heap_4.o

.debug_macro    0x0000000000000000    0x1afc7
 .debug_macro   0x0000000000000000      0x341 Core/Src/DFPLAYER_MINI.o
 .debug_macro   0x0000000000000341      0xa5a Core/Src/DFPLAYER_MINI.o
 .debug_macro   0x0000000000000d9b      0x227 Core/Src/DFPLAYER_MINI.o
 .debug_macro   0x0000000000000fc2       0x2e Core/Src/DFPLAYER_MINI.o
 .debug_macro   0x0000000000000ff0       0x22 Core/Src/DFPLAYER_MINI.o
 .debug_macro   0x0000000000001012       0x22 Core/Src/DFPLAYER_MINI.o
 .debug_macro   0x0000000000001034       0x8e Core/Src/DFPLAYER_MINI.o
 .debug_macro   0x00000000000010c2       0x51 Core/Src/DFPLAYER_MINI.o
 .debug_macro   0x0000000000001113       0xef Core/Src/DFPLAYER_MINI.o
 .debug_macro   0x0000000000001202       0x6a Core/Src/DFPLAYER_MINI.o
 .debug_macro   0x000000000000126c      0x1df Core/Src/DFPLAYER_MINI.o
 .debug_macro   0x000000000000144b       0x1c Core/Src/DFPLAYER_MINI.o
 .debug_macro   0x0000000000001467       0x22 Core/Src/DFPLAYER_MINI.o
 .debug_macro   0x0000000000001489       0xc3 Core/Src/DFPLAYER_MINI.o
 .debug_macro   0x000000000000154c      0xd23 Core/Src/DFPLAYER_MINI.o
 .debug_macro   0x000000000000226f     0xe09e Core/Src/DFPLAYER_MINI.o
 .debug_macro   0x000000000001030d       0x6d Core/Src/DFPLAYER_MINI.o
 .debug_macro   0x000000000001037a     0x3468 Core/Src/DFPLAYER_MINI.o
 .debug_macro   0x00000000000137e2      0x174 Core/Src/DFPLAYER_MINI.o
 .debug_macro   0x0000000000013956       0x5c Core/Src/DFPLAYER_MINI.o
 .debug_macro   0x00000000000139b2      0x5be Core/Src/DFPLAYER_MINI.o
 .debug_macro   0x0000000000013f70      0x289 Core/Src/DFPLAYER_MINI.o
 .debug_macro   0x00000000000141f9      0x1cb Core/Src/DFPLAYER_MINI.o
 .debug_macro   0x00000000000143c4      0x114 Core/Src/DFPLAYER_MINI.o
 .debug_macro   0x00000000000144d8      0x1b2 Core/Src/DFPLAYER_MINI.o
 .debug_macro   0x000000000001468a       0x27 Core/Src/DFPLAYER_MINI.o
 .debug_macro   0x00000000000146b1      0x136 Core/Src/DFPLAYER_MINI.o
 .debug_macro   0x00000000000147e7      0x1bc Core/Src/DFPLAYER_MINI.o
 .debug_macro   0x00000000000149a3       0x34 Core/Src/DFPLAYER_MINI.o
 .debug_macro   0x00000000000149d7       0x3c Core/Src/DFPLAYER_MINI.o
 .debug_macro   0x0000000000014a13       0x57 Core/Src/DFPLAYER_MINI.o
 .debug_macro   0x0000000000014a6a      0x46a Core/Src/DFPLAYER_MINI.o
 .debug_macro   0x0000000000014ed4      0x1b5 Core/Src/DFPLAYER_MINI.o
 .debug_macro   0x0000000000015089       0x88 Core/Src/DFPLAYER_MINI.o
 .debug_macro   0x0000000000015111      0x241 Core/Src/DFPLAYER_MINI.o
 .debug_macro   0x0000000000015352      0x287 Core/Src/DFPLAYER_MINI.o
 .debug_macro   0x00000000000155d9      0x141 Core/Src/DFPLAYER_MINI.o
 .debug_macro   0x000000000001571a      0x8d1 Core/Src/DFPLAYER_MINI.o
 .debug_macro   0x0000000000015feb      0x279 Core/Src/DFPLAYER_MINI.o
 .debug_macro   0x0000000000016264       0x83 Core/Src/DFPLAYER_MINI.o
 .debug_macro   0x00000000000162e7       0x46 Core/Src/DFPLAYER_MINI.o
 .debug_macro   0x000000000001632d       0x18 Core/Src/DFPLAYER_MINI.o
 .debug_macro   0x0000000000016345       0x3c Core/Src/DFPLAYER_MINI.o
 .debug_macro   0x0000000000016381       0x34 Core/Src/DFPLAYER_MINI.o
 .debug_macro   0x00000000000163b5       0x16 Core/Src/DFPLAYER_MINI.o
 .debug_macro   0x00000000000163cb       0x35 Core/Src/DFPLAYER_MINI.o
 .debug_macro   0x0000000000016400      0x32a Core/Src/DFPLAYER_MINI.o
 .debug_macro   0x000000000001672a       0x10 Core/Src/DFPLAYER_MINI.o
 .debug_macro   0x000000000001673a       0x52 Core/Src/DFPLAYER_MINI.o
 .debug_macro   0x000000000001678c       0x1f Core/Src/DFPLAYER_MINI.o
 .debug_macro   0x00000000000167ab       0x43 Core/Src/DFPLAYER_MINI.o
 .debug_macro   0x00000000000167ee       0x20 Core/Src/DFPLAYER_MINI.o
 .debug_macro   0x000000000001680e      0x1a3 Core/Src/DFPLAYER_MINI.o
 .debug_macro   0x00000000000169b1       0x10 Core/Src/DFPLAYER_MINI.o
 .debug_macro   0x00000000000169c1       0x1c Core/Src/DFPLAYER_MINI.o
 .debug_macro   0x00000000000169dd       0x52 Core/Src/DFPLAYER_MINI.o
 .debug_macro   0x0000000000016a2f       0x40 Core/Src/DFPLAYER_MINI.o
 .debug_macro   0x0000000000016a6f       0x10 Core/Src/DFPLAYER_MINI.o
 .debug_macro   0x0000000000016a7f       0x40 Core/Src/DFPLAYER_MINI.o
 .debug_macro   0x0000000000016abf       0xd7 Core/Src/DFPLAYER_MINI.o
 .debug_macro   0x0000000000016b96       0x1c Core/Src/DFPLAYER_MINI.o
 .debug_macro   0x0000000000016bb2       0x3d Core/Src/DFPLAYER_MINI.o
 .debug_macro   0x0000000000016bef       0x16 Core/Src/DFPLAYER_MINI.o
 .debug_macro   0x0000000000016c05      0x145 Core/Src/DFPLAYER_MINI.o
 .debug_macro   0x0000000000016d4a       0x6d Core/Src/fonts.o
 .debug_macro   0x0000000000016db7      0x238 Core/Src/freertos.o
 .debug_macro   0x0000000000016fef       0xd6 Core/Src/freertos.o
 .debug_macro   0x00000000000170c5      0x15a Core/Src/freertos.o
 .debug_macro   0x000000000001721f       0xd7 Core/Src/freertos.o
 .debug_macro   0x00000000000172f6       0x10 Core/Src/freertos.o
 .debug_macro   0x0000000000017306       0x1f Core/Src/freertos.o
 .debug_macro   0x0000000000017325      0x4b7 Core/Src/freertos.o
 .debug_macro   0x00000000000177dc       0xb5 Core/Src/freertos.o
 .debug_macro   0x0000000000017891       0x8c Core/Src/freertos.o
 .debug_macro   0x000000000001791d      0x154 Core/Src/freertos.o
 .debug_macro   0x0000000000017a71      0x1ee Core/Src/lcd.o
 .debug_macro   0x0000000000017c5f      0x15a Core/Src/lcd.o
 .debug_macro   0x0000000000017db9       0x34 Core/Src/lcd.o
 .debug_macro   0x0000000000017ded       0xac Core/Src/lcd.o
 .debug_macro   0x0000000000017e99      0x2d8 Core/Src/main.o
 .debug_macro   0x0000000000018171       0xd6 Core/Src/main.o
 .debug_macro   0x0000000000018247       0x91 Core/Src/main.o
 .debug_macro   0x00000000000182d8       0x8d Core/Src/main.o
 .debug_macro   0x0000000000018365       0x7e Core/Src/main.o
 .debug_macro   0x00000000000183e3       0x19 Core/Src/main.o
 .debug_macro   0x00000000000183fc       0xf2 Core/Src/main.o
 .debug_macro   0x00000000000184ee       0x22 Core/Src/main.o
 .debug_macro   0x0000000000018510      0x1da Core/Src/ssd1306.o
 .debug_macro   0x00000000000186ea      0x1d0 Core/Src/stm32f1xx_hal_msp.o
 .debug_macro   0x00000000000188ba      0x1c1 Core/Src/stm32f1xx_hal_timebase_tim.o
 .debug_macro   0x0000000000018a7b      0x1da Core/Src/stm32f1xx_it.o
 .debug_macro   0x0000000000018c55       0xee Core/Src/sysmem.o
 .debug_macro   0x0000000000018d43      0x23b Core/Src/sysmem.o
 .debug_macro   0x0000000000018f7e      0x1c1 Core/Src/system_stm32f1xx.o
 .debug_macro   0x000000000001913f      0x1e5 Drivers/STM32F1xx_HAL_Driver/Src/stm32f1xx_hal.o
 .debug_macro   0x0000000000019324      0x1de Drivers/STM32F1xx_HAL_Driver/Src/stm32f1xx_hal_adc.o
 .debug_macro   0x0000000000019502      0x1c1 Drivers/STM32F1xx_HAL_Driver/Src/stm32f1xx_hal_cortex.o
 .debug_macro   0x00000000000196c3      0x22c Drivers/STM32F1xx_HAL_Driver/Src/stm32f1xx_hal_gpio.o
 .debug_macro   0x00000000000198ef      0x208 Drivers/STM32F1xx_HAL_Driver/Src/stm32f1xx_hal_i2c.o
 .debug_macro   0x0000000000019af7      0x1d3 Drivers/STM32F1xx_HAL_Driver/Src/stm32f1xx_hal_rcc.o
 .debug_macro   0x0000000000019cca      0x1c1 Drivers/STM32F1xx_HAL_Driver/Src/stm32f1xx_hal_rcc_ex.o
 .debug_macro   0x0000000000019e8b      0x1c2 Drivers/STM32F1xx_HAL_Driver/Src/stm32f1xx_hal_tim.o
 .debug_macro   0x000000000001a04d      0x1c1 Drivers/STM32F1xx_HAL_Driver/Src/stm32f1xx_hal_tim_ex.o
 .debug_macro   0x000000000001a20e      0x1c2 Drivers/STM32F1xx_HAL_Driver/Src/stm32f1xx_hal_uart.o
 .debug_macro   0x000000000001a3d0      0x1f1 Middlewares/Third_Party/FreeRTOS/Source/CMSIS_RTOS/cmsis_os.o
 .debug_macro   0x000000000001a5c1       0x10 Middlewares/Third_Party/FreeRTOS/Source/CMSIS_RTOS/cmsis_os.o
 .debug_macro   0x000000000001a5d1       0x20 Middlewares/Third_Party/FreeRTOS/Source/CMSIS_RTOS/cmsis_os.o
 .debug_macro   0x000000000001a5f1       0xab Middlewares/Third_Party/FreeRTOS/Source/CMSIS_RTOS/cmsis_os.o
 .debug_macro   0x000000000001a69c      0x17a Middlewares/Third_Party/FreeRTOS/Source/list.o
 .debug_macro   0x000000000001a816      0x205 Middlewares/Third_Party/FreeRTOS/Source/queue.o
 .debug_macro   0x000000000001aa1b       0x16 Middlewares/Third_Party/FreeRTOS/Source/queue.o
 .debug_macro   0x000000000001aa31      0x273 Middlewares/Third_Party/FreeRTOS/Source/tasks.o
 .debug_macro   0x000000000001aca4       0x10 Middlewares/Third_Party/FreeRTOS/Source/tasks.o
 .debug_macro   0x000000000001acb4      0x172 Middlewares/Third_Party/FreeRTOS/Source/portable/GCC/ARM_CM3/port.o
 .debug_macro   0x000000000001ae26      0x1a1 Middlewares/Third_Party/FreeRTOS/Source/portable/MemMang/heap_4.o

.debug_line     0x0000000000000000    0x129f4
 .debug_line    0x0000000000000000      0x8f3 Core/Src/DFPLAYER_MINI.o
 .debug_line    0x00000000000008f3      0x38a Core/Src/fonts.o
 .debug_line    0x0000000000000c7d      0x7b8 Core/Src/freertos.o
 .debug_line    0x0000000000001435      0x7af Core/Src/lcd.o
 .debug_line    0x0000000000001be4      0xb25 Core/Src/main.o
 .debug_line    0x0000000000002709      0x801 Core/Src/ssd1306.o
 .debug_line    0x0000000000002f0a      0x787 Core/Src/stm32f1xx_hal_msp.o
 .debug_line    0x0000000000003691      0x6f3 Core/Src/stm32f1xx_hal_timebase_tim.o
 .debug_line    0x0000000000003d84      0x761 Core/Src/stm32f1xx_it.o
 .debug_line    0x00000000000044e5      0x4c7 Core/Src/sysmem.o
 .debug_line    0x00000000000049ac      0x6e7 Core/Src/system_stm32f1xx.o
 .debug_line    0x0000000000005093       0x87 Core/Startup/startup_stm32f103c8tx.o
 .debug_line    0x000000000000511a      0x89a Drivers/STM32F1xx_HAL_Driver/Src/stm32f1xx_hal.o
 .debug_line    0x00000000000059b4      0xbef Drivers/STM32F1xx_HAL_Driver/Src/stm32f1xx_hal_adc.o
 .debug_line    0x00000000000065a3      0x971 Drivers/STM32F1xx_HAL_Driver/Src/stm32f1xx_hal_cortex.o
 .debug_line    0x0000000000006f14      0x896 Drivers/STM32F1xx_HAL_Driver/Src/stm32f1xx_hal_gpio.o
 .debug_line    0x00000000000077aa     0x1cac Drivers/STM32F1xx_HAL_Driver/Src/stm32f1xx_hal_i2c.o
 .debug_line    0x0000000000009456      0x95a Drivers/STM32F1xx_HAL_Driver/Src/stm32f1xx_hal_rcc.o
 .debug_line    0x0000000000009db0      0x778 Drivers/STM32F1xx_HAL_Driver/Src/stm32f1xx_hal_rcc_ex.o
 .debug_line    0x000000000000a528     0x1ff3 Drivers/STM32F1xx_HAL_Driver/Src/stm32f1xx_hal_tim.o
 .debug_line    0x000000000000c51b     0x118f Drivers/STM32F1xx_HAL_Driver/Src/stm32f1xx_hal_tim_ex.o
 .debug_line    0x000000000000d6aa     0x110a Drivers/STM32F1xx_HAL_Driver/Src/stm32f1xx_hal_uart.o
 .debug_line    0x000000000000e7b4      0xcd8 Middlewares/Third_Party/FreeRTOS/Source/CMSIS_RTOS/cmsis_os.o
 .debug_line    0x000000000000f48c      0x66b Middlewares/Third_Party/FreeRTOS/Source/list.o
 .debug_line    0x000000000000faf7      0xf6c Middlewares/Third_Party/FreeRTOS/Source/queue.o
 .debug_line    0x0000000000010a63     0x11e3 Middlewares/Third_Party/FreeRTOS/Source/tasks.o
 .debug_line    0x0000000000011c46      0x65d Middlewares/Third_Party/FreeRTOS/Source/portable/GCC/ARM_CM3/port.o
 .debug_line    0x00000000000122a3      0x751 Middlewares/Third_Party/FreeRTOS/Source/portable/MemMang/heap_4.o

.debug_str      0x0000000000000000    0x9b666
 .debug_str     0x0000000000000000    0x8d74f Core/Src/DFPLAYER_MINI.o
                                      0x8db69 (size before relaxing)
 .debug_str     0x000000000008d74f       0x78 Core/Src/fonts.o
                                       0x3c3c (size before relaxing)
 .debug_str     0x000000000008d7c7     0x4077 Core/Src/freertos.o
                                      0x8d67c (size before relaxing)
 .debug_str     0x000000000009183e      0x3f4 Core/Src/lcd.o
                                      0x89f42 (size before relaxing)