main.c:133:9:get_timeIn	16	static
main.c:150:6:print_OLED	16	static
main.c:200:6:Start_Game	24	static
main.c:259:6:End_Game	16	static
main.c:332:5:main	144	static
main.c:471:6:SystemClock_Config	88	static
main.c:514:13:MX_ADC1_Init	24	static
main.c:559:13:MX_I2C1_Init	8	static
main.c:593:13:MX_I2C2_Init	8	static
main.c:627:13:MX_TIM3_Init	32	static
main.c:672:13:MX_USART1_UART_Init	8	static
main.c:705:13:MX_GPIO_Init	40	static
main.c:783:6:LCD_Function	24	static
main.c:818:6:Sound_Function	16	static
main.c:836:6:Game	32	static
main.c:907:6:HAL_TIM_PeriodElapsedCallback	16	static
main.c:924:6:Error_Handler	4	static
