main.c:134:9:get_timeIn	16	static
main.c:151:6:print_OLED	16	static
main.c:201:6:Start_Game	24	static
main.c:260:6:End_Game	16	static
main.c:333:5:main	144	static
main.c:472:6:SystemClock_Config	88	static
main.c:515:13:MX_ADC1_Init	24	static
main.c:560:13:MX_I2C1_Init	8	static
main.c:594:13:MX_I2C2_Init	8	static
main.c:628:13:MX_TIM3_Init	32	static
main.c:673:13:MX_USART1_UART_Init	8	static
main.c:706:13:MX_GPIO_Init	40	static
main.c:784:6:LCD_Function	24	static
main.c:819:6:Sound_Function	16	static
main.c:837:6:Game	32	static
main.c:908:6:HAL_TIM_PeriodElapsedCallback	16	static
main.c:925:6:Error_Handler	4	static
